
==========================================================================
global route report_tns
--------------------------------------------------------------------------
tns max 0.00

==========================================================================
global route report_wns
--------------------------------------------------------------------------
wns max 0.00

==========================================================================
global route report_worst_slack
--------------------------------------------------------------------------
worst slack max 35.15

==========================================================================
global route report_clock_min_period
--------------------------------------------------------------------------
dco_clk period_min = 14.85 fmax = 67.33

==========================================================================
global route report_clock_skew
--------------------------------------------------------------------------
Clock dco_clk
   0.91 source latency frontend_0.inst_so[7]$_DFFE_PN0P_/CLK ^
  -0.88 target latency dbg_0.mem_data[11]$_DFFE_PP0P_/CLK ^
   0.00 CRPR
--------------
   0.04 setup skew


==========================================================================
global route report_checks -path_delay min
--------------------------------------------------------------------------
Startpoint: clock_module_0.sync_reset_por.data_sync[1]$_DFF_PN1_
            (rising edge-triggered flip-flop clocked by dco_clk)
Endpoint: clock_module_0.sync_cell_puc.data_sync[1]$_DFF_PP0_
          (removal check against rising-edge clock dco_clk)
Path Group: asynchronous
Path Type: min

Fanout     Cap    Slew   Delay    Time   Description
-----------------------------------------------------------------------------
                          0.00    0.00   clock dco_clk (rise edge)
                          0.00    0.00   clock source latency
     4    0.13    0.00    0.00    0.00 ^ dco_clk (in)
                                         dco_clk (net)
                  0.01    0.00    0.00 ^ clkbuf_regs_0_dco_clk/A (sky130_fd_sc_hd__clkbuf_16)
     1    0.01    0.03    0.10    0.11 ^ clkbuf_regs_0_dco_clk/X (sky130_fd_sc_hd__clkbuf_16)
                                         dco_clk_regs (net)
                  0.03    0.00    0.11 ^ clkbuf_0_dco_clk_regs/A (sky130_fd_sc_hd__clkbuf_16)
     8    0.24    0.25    0.28    0.39 ^ clkbuf_0_dco_clk_regs/X (sky130_fd_sc_hd__clkbuf_16)
                                         clknet_0_dco_clk_regs (net)
                  0.25    0.01    0.39 ^ clkbuf_3_6__f_dco_clk_regs/A (sky130_fd_sc_hd__clkbuf_16)
    11    0.16    0.17    0.29    0.69 ^ clkbuf_3_6__f_dco_clk_regs/X (sky130_fd_sc_hd__clkbuf_16)
                                         clknet_3_6__leaf_dco_clk_regs (net)
                  0.17    0.00    0.69 ^ clkbuf_leaf_32_dco_clk_regs/A (sky130_fd_sc_hd__clkbuf_16)
    11    0.04    0.06    0.19    0.88 ^ clkbuf_leaf_32_dco_clk_regs/X (sky130_fd_sc_hd__clkbuf_16)
                                         clknet_leaf_32_dco_clk_regs (net)
                  0.06    0.00    0.88 ^ clock_module_0.sync_reset_por.data_sync[1]$_DFF_PN1_/CLK (sky130_fd_sc_hd__dfstp_2)
     2    0.03    0.07    0.40    1.28 v clock_module_0.sync_reset_por.data_sync[1]$_DFF_PN1_/Q (sky130_fd_sc_hd__dfstp_2)
                                         clock_module_0.por (net)
                  0.07    0.00    1.29 v _09728_/A (sky130_fd_sc_hd__nor2_1)
     2    0.01    0.24    0.22    1.51 ^ _09728_/Y (sky130_fd_sc_hd__nor2_1)
                                         _00536_ (net)
                  0.24    0.00    1.51 ^ clock_module_0.sync_cell_puc.data_sync[1]$_DFF_PP0_/RESET_B (sky130_fd_sc_hd__dfrtp_4)
                                  1.51   data arrival time

                          0.00    0.00   clock dco_clk (rise edge)
                          0.00    0.00   clock source latency
     4    0.13    0.00    0.00    0.00 ^ dco_clk (in)
                                         dco_clk (net)
                  0.01    0.00    0.00 ^ clkbuf_regs_0_dco_clk/A (sky130_fd_sc_hd__clkbuf_16)
     1    0.01    0.03    0.10    0.11 ^ clkbuf_regs_0_dco_clk/X (sky130_fd_sc_hd__clkbuf_16)
                                         dco_clk_regs (net)
                  0.03    0.00    0.11 ^ clkbuf_0_dco_clk_regs/A (sky130_fd_sc_hd__clkbuf_16)
     8    0.24    0.25    0.28    0.39 ^ clkbuf_0_dco_clk_regs/X (sky130_fd_sc_hd__clkbuf_16)
                                         clknet_0_dco_clk_regs (net)
                  0.25    0.01    0.39 ^ clkbuf_3_6__f_dco_clk_regs/A (sky130_fd_sc_hd__clkbuf_16)
    11    0.16    0.17    0.29    0.69 ^ clkbuf_3_6__f_dco_clk_regs/X (sky130_fd_sc_hd__clkbuf_16)
                                         clknet_3_6__leaf_dco_clk_regs (net)
                  0.17    0.00    0.69 ^ clkbuf_leaf_27_dco_clk_regs/A (sky130_fd_sc_hd__clkbuf_16)
    11    0.04    0.06    0.19    0.88 ^ clkbuf_leaf_27_dco_clk_regs/X (sky130_fd_sc_hd__clkbuf_16)
                                         clknet_leaf_27_dco_clk_regs (net)
                  0.06    0.00    0.88 ^ clock_module_0.sync_cell_puc.data_sync[1]$_DFF_PP0_/CLK (sky130_fd_sc_hd__dfrtp_4)
                          0.00    0.88   clock reconvergence pessimism
                          0.38    1.26   library removal time
                                  1.26   data required time
-----------------------------------------------------------------------------
                                  1.26   data required time
                                 -1.51   data arrival time
-----------------------------------------------------------------------------
                                  0.25   slack (MET)


Startpoint: clock_module_0.sync_cell_lfxt_clk.data_sync[0]$_DFF_PP0_
            (rising edge-triggered flip-flop clocked by dco_clk)
Endpoint: clock_module_0.sync_cell_lfxt_clk.data_sync[1]$_DFF_PP0_
          (rising edge-triggered flip-flop clocked by dco_clk)
Path Group: dco_clk
Path Type: min

Fanout     Cap    Slew   Delay    Time   Description
-----------------------------------------------------------------------------
                          0.00    0.00   clock dco_clk (rise edge)
                          0.00    0.00   clock source latency
     4    0.13    0.00    0.00    0.00 ^ dco_clk (in)
                                         dco_clk (net)
                  0.01    0.00    0.00 ^ clkbuf_regs_0_dco_clk/A (sky130_fd_sc_hd__clkbuf_16)
     1    0.01    0.03    0.10    0.11 ^ clkbuf_regs_0_dco_clk/X (sky130_fd_sc_hd__clkbuf_16)
                                         dco_clk_regs (net)
                  0.03    0.00    0.11 ^ clkbuf_0_dco_clk_regs/A (sky130_fd_sc_hd__clkbuf_16)
     8    0.24    0.25    0.28    0.39 ^ clkbuf_0_dco_clk_regs/X (sky130_fd_sc_hd__clkbuf_16)
                                         clknet_0_dco_clk_regs (net)
                  0.25    0.01    0.39 ^ clkbuf_3_3__f_dco_clk_regs/A (sky130_fd_sc_hd__clkbuf_16)
    11    0.19    0.20    0.31    0.71 ^ clkbuf_3_3__f_dco_clk_regs/X (sky130_fd_sc_hd__clkbuf_16)
                                         clknet_3_3__leaf_dco_clk_regs (net)
                  0.20    0.00    0.71 ^ clkbuf_leaf_11_dco_clk_regs/A (sky130_fd_sc_hd__clkbuf_16)
     9    0.03    0.06    0.19    0.90 ^ clkbuf_leaf_11_dco_clk_regs/X (sky130_fd_sc_hd__clkbuf_16)
                                         clknet_leaf_11_dco_clk_regs (net)
                  0.06    0.00    0.90 ^ clock_module_0.sync_cell_lfxt_clk.data_sync[0]$_DFF_PP0_/CLK (sky130_fd_sc_hd__dfrtp_1)
     1    0.00    0.05    0.32    1.22 ^ clock_module_0.sync_cell_lfxt_clk.data_sync[0]$_DFF_PP0_/Q (sky130_fd_sc_hd__dfrtp_1)
                                         clock_module_0.sync_cell_lfxt_clk.data_sync[0] (net)
                  0.05    0.00    1.22 ^ clock_module_0.sync_cell_lfxt_clk.data_sync[1]$_DFF_PP0_/D (sky130_fd_sc_hd__dfrtp_1)
                                  1.22   data arrival time

                          0.00    0.00   clock dco_clk (rise edge)
                          0.00    0.00   clock source latency
     4    0.13    0.00    0.00    0.00 ^ dco_clk (in)
                                         dco_clk (net)
                  0.01    0.00    0.00 ^ clkbuf_regs_0_dco_clk/A (sky130_fd_sc_hd__clkbuf_16)
     1    0.01    0.03    0.10    0.11 ^ clkbuf_regs_0_dco_clk/X (sky130_fd_sc_hd__clkbuf_16)
                                         dco_clk_regs (net)
                  0.03    0.00    0.11 ^ clkbuf_0_dco_clk_regs/A (sky130_fd_sc_hd__clkbuf_16)
     8    0.24    0.25    0.28    0.39 ^ clkbuf_0_dco_clk_regs/X (sky130_fd_sc_hd__clkbuf_16)
                                         clknet_0_dco_clk_regs (net)
                  0.25    0.01    0.39 ^ clkbuf_3_3__f_dco_clk_regs/A (sky130_fd_sc_hd__clkbuf_16)
    11    0.19    0.20    0.31    0.71 ^ clkbuf_3_3__f_dco_clk_regs/X (sky130_fd_sc_hd__clkbuf_16)
                                         clknet_3_3__leaf_dco_clk_regs (net)
                  0.20    0.00    0.71 ^ clkbuf_leaf_11_dco_clk_regs/A (sky130_fd_sc_hd__clkbuf_16)
     9    0.03    0.06    0.19    0.90 ^ clkbuf_leaf_11_dco_clk_regs/X (sky130_fd_sc_hd__clkbuf_16)
                                         clknet_leaf_11_dco_clk_regs (net)
                  0.06    0.00    0.90 ^ clock_module_0.sync_cell_lfxt_clk.data_sync[1]$_DFF_PP0_/CLK (sky130_fd_sc_hd__dfrtp_1)
                          0.00    0.90   clock reconvergence pessimism
                         -0.03    0.87   library hold time
                                  0.87   data required time
-----------------------------------------------------------------------------
                                  0.87   data required time
                                 -1.22   data arrival time
-----------------------------------------------------------------------------
                                  0.35   slack (MET)



==========================================================================
global route report_checks -path_delay max
--------------------------------------------------------------------------
Startpoint: clock_module_0.sync_cell_puc.data_sync[1]$_DFF_PP0_
            (rising edge-triggered flip-flop clocked by dco_clk)
Endpoint: mem_backbone_0.pmem_dout_bckup[10]$_DFFE_PN0P_
          (recovery check against rising-edge clock dco_clk)
Path Group: asynchronous
Path Type: max

Fanout     Cap    Slew   Delay    Time   Description
-----------------------------------------------------------------------------
                          0.00    0.00   clock dco_clk (rise edge)
                          0.00    0.00   clock source latency
     4    0.13    0.00    0.00    0.00 ^ dco_clk (in)
                                         dco_clk (net)
                  0.01    0.00    0.00 ^ clkbuf_regs_0_dco_clk/A (sky130_fd_sc_hd__clkbuf_16)
     1    0.01    0.03    0.10    0.11 ^ clkbuf_regs_0_dco_clk/X (sky130_fd_sc_hd__clkbuf_16)
                                         dco_clk_regs (net)
                  0.03    0.00    0.11 ^ clkbuf_0_dco_clk_regs/A (sky130_fd_sc_hd__clkbuf_16)
     8    0.24    0.25    0.28    0.39 ^ clkbuf_0_dco_clk_regs/X (sky130_fd_sc_hd__clkbuf_16)
                                         clknet_0_dco_clk_regs (net)
                  0.25    0.01    0.39 ^ clkbuf_3_6__f_dco_clk_regs/A (sky130_fd_sc_hd__clkbuf_16)
    11    0.16    0.17    0.29    0.69 ^ clkbuf_3_6__f_dco_clk_regs/X (sky130_fd_sc_hd__clkbuf_16)
                                         clknet_3_6__leaf_dco_clk_regs (net)
                  0.17    0.00    0.69 ^ clkbuf_leaf_27_dco_clk_regs/A (sky130_fd_sc_hd__clkbuf_16)
    11    0.04    0.06    0.19    0.88 ^ clkbuf_leaf_27_dco_clk_regs/X (sky130_fd_sc_hd__clkbuf_16)
                                         clknet_leaf_27_dco_clk_regs (net)
                  0.06    0.00    0.88 ^ clock_module_0.sync_cell_puc.data_sync[1]$_DFF_PP0_/CLK (sky130_fd_sc_hd__dfrtp_4)
    39    0.25    0.68    0.87    1.75 ^ clock_module_0.sync_cell_puc.data_sync[1]$_DFF_PP0_/Q (sky130_fd_sc_hd__dfrtp_4)
                                         clock_module_0.puc_noscan_n (net)
                  0.69    0.03    1.78 ^ place899/A (sky130_fd_sc_hd__buf_4)
    40    0.26    0.69    0.67    2.46 ^ place899/X (sky130_fd_sc_hd__buf_4)
                                         net895 (net)
                  0.69    0.04    2.50 ^ place898/A (sky130_fd_sc_hd__buf_4)
    48    0.31    0.84    0.78    3.28 ^ place898/X (sky130_fd_sc_hd__buf_4)
                                         net894 (net)
                  0.84    0.04    3.31 ^ place897/A (sky130_fd_sc_hd__buf_4)
    48    0.29    0.77    0.75    4.07 ^ place897/X (sky130_fd_sc_hd__buf_4)
                                         net893 (net)
                  0.78    0.03    4.10 ^ mem_backbone_0.pmem_dout_bckup[10]$_DFFE_PN0P_/RESET_B (sky130_fd_sc_hd__dfrtp_1)
                                  4.10   data arrival time

                         50.00   50.00   clock dco_clk (rise edge)
                          0.00   50.00   clock source latency
     4    0.13    0.00    0.00   50.00 ^ dco_clk (in)
                                         dco_clk (net)
                  0.01    0.00   50.00 ^ clkbuf_regs_0_dco_clk/A (sky130_fd_sc_hd__clkbuf_16)
     1    0.01    0.03    0.10   50.11 ^ clkbuf_regs_0_dco_clk/X (sky130_fd_sc_hd__clkbuf_16)
                                         dco_clk_regs (net)
                  0.03    0.00   50.11 ^ clkbuf_0_dco_clk_regs/A (sky130_fd_sc_hd__clkbuf_16)
     8    0.24    0.25    0.28   50.39 ^ clkbuf_0_dco_clk_regs/X (sky130_fd_sc_hd__clkbuf_16)
                                         clknet_0_dco_clk_regs (net)
                  0.25    0.01   50.39 ^ clkbuf_3_0__f_dco_clk_regs/A (sky130_fd_sc_hd__clkbuf_16)
    12    0.19    0.20    0.31   50.70 ^ clkbuf_3_0__f_dco_clk_regs/X (sky130_fd_sc_hd__clkbuf_16)
                                         clknet_3_0__leaf_dco_clk_regs (net)
                  0.20    0.00   50.71 ^ clkbuf_leaf_82_dco_clk_regs/A (sky130_fd_sc_hd__clkbuf_16)
     7    0.03    0.06    0.19   50.90 ^ clkbuf_leaf_82_dco_clk_regs/X (sky130_fd_sc_hd__clkbuf_16)
                                         clknet_leaf_82_dco_clk_regs (net)
                  0.06    0.00   50.90 ^ mem_backbone_0.pmem_dout_bckup[10]$_DFFE_PN0P_/CLK (sky130_fd_sc_hd__dfrtp_1)
                          0.00   50.90   clock reconvergence pessimism
                          0.04   50.94   library recovery time
                                 50.94   data required time
-----------------------------------------------------------------------------
                                 50.94   data required time
                                 -4.10   data arrival time
-----------------------------------------------------------------------------
                                 46.84   slack (MET)


Startpoint: dbg_0.mem_addr[1]$_DFF_PP0_
            (rising edge-triggered flip-flop clocked by dco_clk)
Endpoint: mem_backbone_0.dma_ready_dly$_DFF_PN0_
          (rising edge-triggered flip-flop clocked by dco_clk)
Path Group: dco_clk
Path Type: max

Fanout     Cap    Slew   Delay    Time   Description
-----------------------------------------------------------------------------
                          0.00    0.00   clock dco_clk (rise edge)
                          0.00    0.00   clock source latency
     4    0.13    0.00    0.00    0.00 ^ dco_clk (in)
                                         dco_clk (net)
                  0.01    0.00    0.00 ^ clkbuf_regs_0_dco_clk/A (sky130_fd_sc_hd__clkbuf_16)
     1    0.01    0.03    0.10    0.11 ^ clkbuf_regs_0_dco_clk/X (sky130_fd_sc_hd__clkbuf_16)
                                         dco_clk_regs (net)
                  0.03    0.00    0.11 ^ clkbuf_0_dco_clk_regs/A (sky130_fd_sc_hd__clkbuf_16)
     8    0.24    0.25    0.28    0.39 ^ clkbuf_0_dco_clk_regs/X (sky130_fd_sc_hd__clkbuf_16)
                                         clknet_0_dco_clk_regs (net)
                  0.25    0.01    0.39 ^ clkbuf_3_7__f_dco_clk_regs/A (sky130_fd_sc_hd__clkbuf_16)
    13    0.19    0.20    0.31    0.71 ^ clkbuf_3_7__f_dco_clk_regs/X (sky130_fd_sc_hd__clkbuf_16)
                                         clknet_3_7__leaf_dco_clk_regs (net)
                  0.20    0.00    0.71 ^ clkbuf_leaf_43_dco_clk_regs/A (sky130_fd_sc_hd__clkbuf_16)
    11    0.04    0.06    0.19    0.90 ^ clkbuf_leaf_43_dco_clk_regs/X (sky130_fd_sc_hd__clkbuf_16)
                                         clknet_leaf_43_dco_clk_regs (net)
                  0.06    0.00    0.91 ^ dbg_0.mem_addr[1]$_DFF_PP0_/CLK (sky130_fd_sc_hd__dfrtp_1)
    11    0.06    0.53    0.68    1.58 ^ dbg_0.mem_addr[1]$_DFF_PP0_/Q (sky130_fd_sc_hd__dfrtp_1)
                                         dbg_0.dbg_mem_addr[1] (net)
                  0.53    0.00    1.59 ^ _08073_/A (sky130_fd_sc_hd__inv_1)
     2    0.03    0.21    0.27    1.86 v _08073_/Y (sky130_fd_sc_hd__inv_1)
                                         _00281_ (net)
                  0.21    0.00    1.86 v _12235_/B (sky130_fd_sc_hd__ha_1)
    10    0.05    0.45    0.64    2.50 ^ _12235_/SUM (sky130_fd_sc_hd__ha_1)
                                         _00283_ (net)
                  0.45    0.00    2.50 ^ _06237_/B (sky130_fd_sc_hd__or4bb_1)
     4    0.02    0.18    0.29    2.79 ^ _06237_/X (sky130_fd_sc_hd__or4bb_1)
                                         _01191_ (net)
                  0.18    0.00    2.79 ^ _06281_/B2 (sky130_fd_sc_hd__o22ai_1)
     4    0.04    0.33    0.30    3.10 v _06281_/Y (sky130_fd_sc_hd__o22ai_1)
                                         _01235_ (net)
                  0.33    0.01    3.10 v _06288_/A (sky130_fd_sc_hd__or2_1)
     2    0.01    0.08    0.36    3.46 v _06288_/X (sky130_fd_sc_hd__or2_1)
                                         _01242_ (net)
                  0.08    0.00    3.46 v _06307_/A2 (sky130_fd_sc_hd__a221o_1)
     1    0.00    0.06    0.36    3.82 v _06307_/X (sky130_fd_sc_hd__a221o_1)
                                         _01261_ (net)
                  0.06    0.00    3.82 v _06323_/C (sky130_fd_sc_hd__or4_1)
     1    0.01    0.11    0.51    4.33 v _06323_/X (sky130_fd_sc_hd__or4_1)
                                         _01277_ (net)
                  0.11    0.00    4.33 v _06396_/A (sky130_fd_sc_hd__or4_1)
     3    0.07    0.37    0.87    5.20 v _06396_/X (sky130_fd_sc_hd__or4_1)
                                         _01350_ (net)
                  0.37    0.01    5.20 v _08107_/A0 (sky130_fd_sc_hd__mux2_2)
     2    0.02    0.09    0.44    5.65 v _08107_/X (sky130_fd_sc_hd__mux2_2)
                                         _02937_ (net)
                  0.09    0.00    5.65 v _08125_/A2 (sky130_fd_sc_hd__o21ai_2)
     2    0.01    0.16    0.17    5.82 ^ _08125_/Y (sky130_fd_sc_hd__o21ai_2)
                                         _02955_ (net)
                  0.16    0.00    5.82 ^ _08126_/B (sky130_fd_sc_hd__xnor2_1)
     1    0.00    0.07    0.09    5.91 v _08126_/Y (sky130_fd_sc_hd__xnor2_1)
                                         execution_unit_0.alu_0.op_src_in[0] (net)
                  0.07    0.00    5.91 v place574/A (sky130_fd_sc_hd__buf_4)
     5    0.03    0.06    0.18    6.09 v place574/X (sky130_fd_sc_hd__buf_4)
                                         net570 (net)
                  0.06    0.00    6.09 v _12065_/CIN (sky130_fd_sc_hd__fa_1)
     2    0.01    0.13    0.44    6.53 v _12065_/COUT (sky130_fd_sc_hd__fa_1)
                                         _00032_ (net)
                  0.13    0.00    6.53 v _12064_/CIN (sky130_fd_sc_hd__fa_1)
     2    0.01    0.11    0.44    6.97 v _12064_/COUT (sky130_fd_sc_hd__fa_1)
                                         _00033_ (net)
                  0.11    0.00    6.97 v _08176_/B (sky130_fd_sc_hd__xnor2_1)
     3    0.01    0.29    0.29    7.26 ^ _08176_/Y (sky130_fd_sc_hd__xnor2_1)
                                         _00242_ (net)
                  0.29    0.00    7.26 ^ _12218_/B (sky130_fd_sc_hd__ha_1)
     4    0.01    0.15    0.28    7.54 ^ _12218_/COUT (sky130_fd_sc_hd__ha_1)
                                         _00243_ (net)
                  0.15    0.00    7.54 ^ _11832_/A_N (sky130_fd_sc_hd__nand2b_1)
     1    0.00    0.06    0.13    7.67 ^ _11832_/Y (sky130_fd_sc_hd__nand2b_1)
                                         _05739_ (net)
                  0.06    0.00    7.67 ^ _11835_/A0 (sky130_fd_sc_hd__mux2i_1)
     1    0.01    0.13    0.10    7.77 v _11835_/Y (sky130_fd_sc_hd__mux2i_1)
                                         execution_unit_0.alu_0.alu_dadd0[4] (net)
                  0.13    0.00    7.77 v _12053_/CIN (sky130_fd_sc_hd__fa_1)
     2    0.01    0.12    0.46    8.23 v _12053_/COUT (sky130_fd_sc_hd__fa_1)
                                         _00008_ (net)
                  0.12    0.00    8.23 v _12052_/CIN (sky130_fd_sc_hd__fa_1)
     2    0.01    0.12    0.45    8.69 v _12052_/COUT (sky130_fd_sc_hd__fa_1)
                                         _00009_ (net)
                  0.12    0.00    8.69 v _08177_/B (sky130_fd_sc_hd__xnor2_1)
     3    0.02    0.37    0.35    9.03 ^ _08177_/Y (sky130_fd_sc_hd__xnor2_1)
                                         _00238_ (net)
                  0.37    0.00    9.03 ^ _12217_/B (sky130_fd_sc_hd__ha_1)
     4    0.01    0.16    0.30    9.33 ^ _12217_/COUT (sky130_fd_sc_hd__ha_1)
                                         _00239_ (net)
                  0.16    0.00    9.33 ^ _11828_/A_N (sky130_fd_sc_hd__nand2b_1)
     1    0.00    0.06    0.13    9.46 ^ _11828_/Y (sky130_fd_sc_hd__nand2b_1)
                                         _05736_ (net)
                  0.06    0.00    9.46 ^ _11831_/A0 (sky130_fd_sc_hd__mux2i_1)
     1    0.01    0.13    0.09    9.55 v _11831_/Y (sky130_fd_sc_hd__mux2i_1)
                                         execution_unit_0.alu_0.alu_dadd1[4] (net)
                  0.13    0.00    9.55 v _12101_/CIN (sky130_fd_sc_hd__fa_1)
     2    0.01    0.13    0.47   10.02 v _12101_/COUT (sky130_fd_sc_hd__fa_1)
                                         _00073_ (net)
                  0.13    0.00   10.02 v _12100_/A (sky130_fd_sc_hd__fa_1)
     2    0.01    0.12    0.51   10.52 v _12100_/COUT (sky130_fd_sc_hd__fa_1)
                                         _00074_ (net)
                  0.12    0.00   10.52 v _08032_/B (sky130_fd_sc_hd__xnor2_1)
     3    0.01    0.29    0.29   10.81 ^ _08032_/Y (sky130_fd_sc_hd__xnor2_1)
                                         _00342_ (net)
                  0.29    0.00   10.81 ^ _12266_/B (sky130_fd_sc_hd__ha_1)
     4    0.01    0.13    0.27   11.08 ^ _12266_/COUT (sky130_fd_sc_hd__ha_1)
                                         _00343_ (net)
                  0.13    0.00   11.08 ^ _11824_/A_N (sky130_fd_sc_hd__nand2b_1)
     1    0.00    0.06    0.12   11.20 ^ _11824_/Y (sky130_fd_sc_hd__nand2b_1)
                                         _05733_ (net)
                  0.06    0.00   11.20 ^ _11827_/A0 (sky130_fd_sc_hd__mux2i_1)
     1    0.01    0.11    0.08   11.28 v _11827_/Y (sky130_fd_sc_hd__mux2i_1)
                                         execution_unit_0.alu_0.alu_dadd2[4] (net)
                  0.11    0.00   11.28 v _12067_/CIN (sky130_fd_sc_hd__fa_1)
     2    0.01    0.12    0.45   11.74 v _12067_/COUT (sky130_fd_sc_hd__fa_1)
                                         _00035_ (net)
                  0.12    0.00   11.74 v _12066_/CIN (sky130_fd_sc_hd__fa_1)
     2    0.01    0.11    0.44   12.18 v _12066_/COUT (sky130_fd_sc_hd__fa_1)
                                         _00036_ (net)
                  0.11    0.00   12.18 v _07796_/B (sky130_fd_sc_hd__xnor2_1)
     3    0.01    0.34    0.32   12.50 ^ _07796_/Y (sky130_fd_sc_hd__xnor2_1)
                                         _00231_ (net)
                  0.34    0.00   12.50 ^ _12212_/B (sky130_fd_sc_hd__ha_1)
     4    0.02    0.18    0.31   12.81 ^ _12212_/COUT (sky130_fd_sc_hd__ha_1)
                                         _00232_ (net)
                  0.18    0.00   12.81 ^ _07798_/A1 (sky130_fd_sc_hd__o21ai_0)
     2    0.01    0.21    0.22   13.03 v _07798_/Y (sky130_fd_sc_hd__o21ai_0)
                                         _02663_ (net)
                  0.21    0.00   13.03 v _07885_/B (sky130_fd_sc_hd__xnor2_1)
     1    0.00    0.09    0.19   13.22 v _07885_/Y (sky130_fd_sc_hd__xnor2_1)
                                         _02749_ (net)
                  0.09    0.00   13.22 v _07886_/B1 (sky130_fd_sc_hd__a32o_1)
     1    0.00    0.05    0.22   13.45 v _07886_/X (sky130_fd_sc_hd__a32o_1)
                                         _02750_ (net)
                  0.05    0.00   13.45 v _07891_/A2 (sky130_fd_sc_hd__a21oi_1)
     3    0.02    0.43    0.38   13.82 ^ _07891_/Y (sky130_fd_sc_hd__a21oi_1)
                                         _02755_ (net)
                  0.43    0.00   13.83 ^ _07892_/B (sky130_fd_sc_hd__nand2_1)
     2    0.01    0.14    0.17   13.99 v _07892_/Y (sky130_fd_sc_hd__nand2_1)
                                         _02756_ (net)
                  0.14    0.00   13.99 v _09188_/A3 (sky130_fd_sc_hd__o41ai_2)
     2    0.02    0.55    0.56   14.55 ^ _09188_/Y (sky130_fd_sc_hd__o41ai_2)
                                         _03665_ (net)
                  0.55    0.00   14.55 ^ _09303_/A (sky130_fd_sc_hd__nand2_2)
     6    0.05    0.25    0.30   14.85 v _09303_/Y (sky130_fd_sc_hd__nand2_2)
                                         _03776_ (net)
                  0.25    0.00   14.85 v _09307_/B (sky130_fd_sc_hd__nand3_1)
     2    0.03    0.33    0.36   15.21 ^ _09307_/Y (sky130_fd_sc_hd__nand3_1)
                                         _03780_ (net)
                  0.33    0.00   15.22 ^ _12008_/A2 (sky130_fd_sc_hd__a31oi_1)
     2    0.03    0.29    0.32   15.54 v _12008_/Y (sky130_fd_sc_hd__a31oi_1)
                                         net134 (net)
                  0.29    0.00   15.54 v mem_backbone_0.dma_ready_dly$_DFF_PN0_/D (sky130_fd_sc_hd__dfrtp_1)
                                 15.54   data arrival time

                         50.00   50.00   clock dco_clk (rise edge)
                          0.00   50.00   clock source latency
     4    0.13    0.00    0.00   50.00 ^ dco_clk (in)
                                         dco_clk (net)
                  0.01    0.00   50.00 ^ clkbuf_regs_0_dco_clk/A (sky130_fd_sc_hd__clkbuf_16)
     1    0.01    0.03    0.10   50.11 ^ clkbuf_regs_0_dco_clk/X (sky130_fd_sc_hd__clkbuf_16)
                                         dco_clk_regs (net)
                  0.03    0.00   50.11 ^ clkbuf_0_dco_clk_regs/A (sky130_fd_sc_hd__clkbuf_16)
     8    0.24    0.25    0.28   50.39 ^ clkbuf_0_dco_clk_regs/X (sky130_fd_sc_hd__clkbuf_16)
                                         clknet_0_dco_clk_regs (net)
                  0.25    0.01   50.39 ^ clkbuf_3_2__f_dco_clk_regs/A (sky130_fd_sc_hd__clkbuf_16)
    12    0.18    0.19    0.31   50.70 ^ clkbuf_3_2__f_dco_clk_regs/X (sky130_fd_sc_hd__clkbuf_16)
                                         clknet_3_2__leaf_dco_clk_regs (net)
                  0.19    0.00   50.71 ^ clkbuf_leaf_15_dco_clk_regs/A (sky130_fd_sc_hd__clkbuf_16)
    12    0.05    0.07    0.20   50.90 ^ clkbuf_leaf_15_dco_clk_regs/X (sky130_fd_sc_hd__clkbuf_16)
                                         clknet_leaf_15_dco_clk_regs (net)
                  0.07    0.00   50.90 ^ mem_backbone_0.dma_ready_dly$_DFF_PN0_/CLK (sky130_fd_sc_hd__dfrtp_1)
                          0.00   50.90   clock reconvergence pessimism
                         -0.22   50.69   library setup time
                                 50.69   data required time
-----------------------------------------------------------------------------
                                 50.69   data required time
                                -15.54   data arrival time
-----------------------------------------------------------------------------
                                 35.15   slack (MET)



==========================================================================
global route report_checks -unconstrained
--------------------------------------------------------------------------
Startpoint: clock_module_0.sync_cell_puc.data_sync[1]$_DFF_PP0_
            (rising edge-triggered flip-flop clocked by dco_clk)
Endpoint: mem_backbone_0.pmem_dout_bckup[10]$_DFFE_PN0P_
          (recovery check against rising-edge clock dco_clk)
Path Group: asynchronous
Path Type: max

Fanout     Cap    Slew   Delay    Time   Description
-----------------------------------------------------------------------------
                          0.00    0.00   clock dco_clk (rise edge)
                          0.00    0.00   clock source latency
     4    0.13    0.00    0.00    0.00 ^ dco_clk (in)
                                         dco_clk (net)
                  0.01    0.00    0.00 ^ clkbuf_regs_0_dco_clk/A (sky130_fd_sc_hd__clkbuf_16)
     1    0.01    0.03    0.10    0.11 ^ clkbuf_regs_0_dco_clk/X (sky130_fd_sc_hd__clkbuf_16)
                                         dco_clk_regs (net)
                  0.03    0.00    0.11 ^ clkbuf_0_dco_clk_regs/A (sky130_fd_sc_hd__clkbuf_16)
     8    0.24    0.25    0.28    0.39 ^ clkbuf_0_dco_clk_regs/X (sky130_fd_sc_hd__clkbuf_16)
                                         clknet_0_dco_clk_regs (net)
                  0.25    0.01    0.39 ^ clkbuf_3_6__f_dco_clk_regs/A (sky130_fd_sc_hd__clkbuf_16)
    11    0.16    0.17    0.29    0.69 ^ clkbuf_3_6__f_dco_clk_regs/X (sky130_fd_sc_hd__clkbuf_16)
                                         clknet_3_6__leaf_dco_clk_regs (net)
                  0.17    0.00    0.69 ^ clkbuf_leaf_27_dco_clk_regs/A (sky130_fd_sc_hd__clkbuf_16)
    11    0.04    0.06    0.19    0.88 ^ clkbuf_leaf_27_dco_clk_regs/X (sky130_fd_sc_hd__clkbuf_16)
                                         clknet_leaf_27_dco_clk_regs (net)
                  0.06    0.00    0.88 ^ clock_module_0.sync_cell_puc.data_sync[1]$_DFF_PP0_/CLK (sky130_fd_sc_hd__dfrtp_4)
    39    0.25    0.68    0.87    1.75 ^ clock_module_0.sync_cell_puc.data_sync[1]$_DFF_PP0_/Q (sky130_fd_sc_hd__dfrtp_4)
                                         clock_module_0.puc_noscan_n (net)
                  0.69    0.03    1.78 ^ place899/A (sky130_fd_sc_hd__buf_4)
    40    0.26    0.69    0.67    2.46 ^ place899/X (sky130_fd_sc_hd__buf_4)
                                         net895 (net)
                  0.69    0.04    2.50 ^ place898/A (sky130_fd_sc_hd__buf_4)
    48    0.31    0.84    0.78    3.28 ^ place898/X (sky130_fd_sc_hd__buf_4)
                                         net894 (net)
                  0.84    0.04    3.31 ^ place897/A (sky130_fd_sc_hd__buf_4)
    48    0.29    0.77    0.75    4.07 ^ place897/X (sky130_fd_sc_hd__buf_4)
                                         net893 (net)
                  0.78    0.03    4.10 ^ mem_backbone_0.pmem_dout_bckup[10]$_DFFE_PN0P_/RESET_B (sky130_fd_sc_hd__dfrtp_1)
                                  4.10   data arrival time

                         50.00   50.00   clock dco_clk (rise edge)
                          0.00   50.00   clock source latency
     4    0.13    0.00    0.00   50.00 ^ dco_clk (in)
                                         dco_clk (net)
                  0.01    0.00   50.00 ^ clkbuf_regs_0_dco_clk/A (sky130_fd_sc_hd__clkbuf_16)
     1    0.01    0.03    0.10   50.11 ^ clkbuf_regs_0_dco_clk/X (sky130_fd_sc_hd__clkbuf_16)
                                         dco_clk_regs (net)
                  0.03    0.00   50.11 ^ clkbuf_0_dco_clk_regs/A (sky130_fd_sc_hd__clkbuf_16)
     8    0.24    0.25    0.28   50.39 ^ clkbuf_0_dco_clk_regs/X (sky130_fd_sc_hd__clkbuf_16)
                                         clknet_0_dco_clk_regs (net)
                  0.25    0.01   50.39 ^ clkbuf_3_0__f_dco_clk_regs/A (sky130_fd_sc_hd__clkbuf_16)
    12    0.19    0.20    0.31   50.70 ^ clkbuf_3_0__f_dco_clk_regs/X (sky130_fd_sc_hd__clkbuf_16)
                                         clknet_3_0__leaf_dco_clk_regs (net)
                  0.20    0.00   50.71 ^ clkbuf_leaf_82_dco_clk_regs/A (sky130_fd_sc_hd__clkbuf_16)
     7    0.03    0.06    0.19   50.90 ^ clkbuf_leaf_82_dco_clk_regs/X (sky130_fd_sc_hd__clkbuf_16)
                                         clknet_leaf_82_dco_clk_regs (net)
                  0.06    0.00   50.90 ^ mem_backbone_0.pmem_dout_bckup[10]$_DFFE_PN0P_/CLK (sky130_fd_sc_hd__dfrtp_1)
                          0.00   50.90   clock reconvergence pessimism
                          0.04   50.94   library recovery time
                                 50.94   data required time
-----------------------------------------------------------------------------
                                 50.94   data required time
                                 -4.10   data arrival time
-----------------------------------------------------------------------------
                                 46.84   slack (MET)


Startpoint: dbg_0.mem_addr[1]$_DFF_PP0_
            (rising edge-triggered flip-flop clocked by dco_clk)
Endpoint: mem_backbone_0.dma_ready_dly$_DFF_PN0_
          (rising edge-triggered flip-flop clocked by dco_clk)
Path Group: dco_clk
Path Type: max

Fanout     Cap    Slew   Delay    Time   Description
-----------------------------------------------------------------------------
                          0.00    0.00   clock dco_clk (rise edge)
                          0.00    0.00   clock source latency
     4    0.13    0.00    0.00    0.00 ^ dco_clk (in)
                                         dco_clk (net)
                  0.01    0.00    0.00 ^ clkbuf_regs_0_dco_clk/A (sky130_fd_sc_hd__clkbuf_16)
     1    0.01    0.03    0.10    0.11 ^ clkbuf_regs_0_dco_clk/X (sky130_fd_sc_hd__clkbuf_16)
                                         dco_clk_regs (net)
                  0.03    0.00    0.11 ^ clkbuf_0_dco_clk_regs/A (sky130_fd_sc_hd__clkbuf_16)
     8    0.24    0.25    0.28    0.39 ^ clkbuf_0_dco_clk_regs/X (sky130_fd_sc_hd__clkbuf_16)
                                         clknet_0_dco_clk_regs (net)
                  0.25    0.01    0.39 ^ clkbuf_3_7__f_dco_clk_regs/A (sky130_fd_sc_hd__clkbuf_16)
    13    0.19    0.20    0.31    0.71 ^ clkbuf_3_7__f_dco_clk_regs/X (sky130_fd_sc_hd__clkbuf_16)
                                         clknet_3_7__leaf_dco_clk_regs (net)
                  0.20    0.00    0.71 ^ clkbuf_leaf_43_dco_clk_regs/A (sky130_fd_sc_hd__clkbuf_16)
    11    0.04    0.06    0.19    0.90 ^ clkbuf_leaf_43_dco_clk_regs/X (sky130_fd_sc_hd__clkbuf_16)
                                         clknet_leaf_43_dco_clk_regs (net)
                  0.06    0.00    0.91 ^ dbg_0.mem_addr[1]$_DFF_PP0_/CLK (sky130_fd_sc_hd__dfrtp_1)
    11    0.06    0.53    0.68    1.58 ^ dbg_0.mem_addr[1]$_DFF_PP0_/Q (sky130_fd_sc_hd__dfrtp_1)
                                         dbg_0.dbg_mem_addr[1] (net)
                  0.53    0.00    1.59 ^ _08073_/A (sky130_fd_sc_hd__inv_1)
     2    0.03    0.21    0.27    1.86 v _08073_/Y (sky130_fd_sc_hd__inv_1)
                                         _00281_ (net)
                  0.21    0.00    1.86 v _12235_/B (sky130_fd_sc_hd__ha_1)
    10    0.05    0.45    0.64    2.50 ^ _12235_/SUM (sky130_fd_sc_hd__ha_1)
                                         _00283_ (net)
                  0.45    0.00    2.50 ^ _06237_/B (sky130_fd_sc_hd__or4bb_1)
     4    0.02    0.18    0.29    2.79 ^ _06237_/X (sky130_fd_sc_hd__or4bb_1)
                                         _01191_ (net)
                  0.18    0.00    2.79 ^ _06281_/B2 (sky130_fd_sc_hd__o22ai_1)
     4    0.04    0.33    0.30    3.10 v _06281_/Y (sky130_fd_sc_hd__o22ai_1)
                                         _01235_ (net)
                  0.33    0.01    3.10 v _06288_/A (sky130_fd_sc_hd__or2_1)
     2    0.01    0.08    0.36    3.46 v _06288_/X (sky130_fd_sc_hd__or2_1)
                                         _01242_ (net)
                  0.08    0.00    3.46 v _06307_/A2 (sky130_fd_sc_hd__a221o_1)
     1    0.00    0.06    0.36    3.82 v _06307_/X (sky130_fd_sc_hd__a221o_1)
                                         _01261_ (net)
                  0.06    0.00    3.82 v _06323_/C (sky130_fd_sc_hd__or4_1)
     1    0.01    0.11    0.51    4.33 v _06323_/X (sky130_fd_sc_hd__or4_1)
                                         _01277_ (net)
                  0.11    0.00    4.33 v _06396_/A (sky130_fd_sc_hd__or4_1)
     3    0.07    0.37    0.87    5.20 v _06396_/X (sky130_fd_sc_hd__or4_1)
                                         _01350_ (net)
                  0.37    0.01    5.20 v _08107_/A0 (sky130_fd_sc_hd__mux2_2)
     2    0.02    0.09    0.44    5.65 v _08107_/X (sky130_fd_sc_hd__mux2_2)
                                         _02937_ (net)
                  0.09    0.00    5.65 v _08125_/A2 (sky130_fd_sc_hd__o21ai_2)
     2    0.01    0.16    0.17    5.82 ^ _08125_/Y (sky130_fd_sc_hd__o21ai_2)
                                         _02955_ (net)
                  0.16    0.00    5.82 ^ _08126_/B (sky130_fd_sc_hd__xnor2_1)
     1    0.00    0.07    0.09    5.91 v _08126_/Y (sky130_fd_sc_hd__xnor2_1)
                                         execution_unit_0.alu_0.op_src_in[0] (net)
                  0.07    0.00    5.91 v place574/A (sky130_fd_sc_hd__buf_4)
     5    0.03    0.06    0.18    6.09 v place574/X (sky130_fd_sc_hd__buf_4)
                                         net570 (net)
                  0.06    0.00    6.09 v _12065_/CIN (sky130_fd_sc_hd__fa_1)
     2    0.01    0.13    0.44    6.53 v _12065_/COUT (sky130_fd_sc_hd__fa_1)
                                         _00032_ (net)
                  0.13    0.00    6.53 v _12064_/CIN (sky130_fd_sc_hd__fa_1)
     2    0.01    0.11    0.44    6.97 v _12064_/COUT (sky130_fd_sc_hd__fa_1)
                                         _00033_ (net)
                  0.11    0.00    6.97 v _08176_/B (sky130_fd_sc_hd__xnor2_1)
     3    0.01    0.29    0.29    7.26 ^ _08176_/Y (sky130_fd_sc_hd__xnor2_1)
                                         _00242_ (net)
                  0.29    0.00    7.26 ^ _12218_/B (sky130_fd_sc_hd__ha_1)
     4    0.01    0.15    0.28    7.54 ^ _12218_/COUT (sky130_fd_sc_hd__ha_1)
                                         _00243_ (net)
                  0.15    0.00    7.54 ^ _11832_/A_N (sky130_fd_sc_hd__nand2b_1)
     1    0.00    0.06    0.13    7.67 ^ _11832_/Y (sky130_fd_sc_hd__nand2b_1)
                                         _05739_ (net)
                  0.06    0.00    7.67 ^ _11835_/A0 (sky130_fd_sc_hd__mux2i_1)
     1    0.01    0.13    0.10    7.77 v _11835_/Y (sky130_fd_sc_hd__mux2i_1)
                                         execution_unit_0.alu_0.alu_dadd0[4] (net)
                  0.13    0.00    7.77 v _12053_/CIN (sky130_fd_sc_hd__fa_1)
     2    0.01    0.12    0.46    8.23 v _12053_/COUT (sky130_fd_sc_hd__fa_1)
                                         _00008_ (net)
                  0.12    0.00    8.23 v _12052_/CIN (sky130_fd_sc_hd__fa_1)
     2    0.01    0.12    0.45    8.69 v _12052_/COUT (sky130_fd_sc_hd__fa_1)
                                         _00009_ (net)
                  0.12    0.00    8.69 v _08177_/B (sky130_fd_sc_hd__xnor2_1)
     3    0.02    0.37    0.35    9.03 ^ _08177_/Y (sky130_fd_sc_hd__xnor2_1)
                                         _00238_ (net)
                  0.37    0.00    9.03 ^ _12217_/B (sky130_fd_sc_hd__ha_1)
     4    0.01    0.16    0.30    9.33 ^ _12217_/COUT (sky130_fd_sc_hd__ha_1)
                                         _00239_ (net)
                  0.16    0.00    9.33 ^ _11828_/A_N (sky130_fd_sc_hd__nand2b_1)
     1    0.00    0.06    0.13    9.46 ^ _11828_/Y (sky130_fd_sc_hd__nand2b_1)
                                         _05736_ (net)
                  0.06    0.00    9.46 ^ _11831_/A0 (sky130_fd_sc_hd__mux2i_1)
     1    0.01    0.13    0.09    9.55 v _11831_/Y (sky130_fd_sc_hd__mux2i_1)
                                         execution_unit_0.alu_0.alu_dadd1[4] (net)
                  0.13    0.00    9.55 v _12101_/CIN (sky130_fd_sc_hd__fa_1)
     2    0.01    0.13    0.47   10.02 v _12101_/COUT (sky130_fd_sc_hd__fa_1)
                                         _00073_ (net)
                  0.13    0.00   10.02 v _12100_/A (sky130_fd_sc_hd__fa_1)
     2    0.01    0.12    0.51   10.52 v _12100_/COUT (sky130_fd_sc_hd__fa_1)
                                         _00074_ (net)
                  0.12    0.00   10.52 v _08032_/B (sky130_fd_sc_hd__xnor2_1)
     3    0.01    0.29    0.29   10.81 ^ _08032_/Y (sky130_fd_sc_hd__xnor2_1)
                                         _00342_ (net)
                  0.29    0.00   10.81 ^ _12266_/B (sky130_fd_sc_hd__ha_1)
     4    0.01    0.13    0.27   11.08 ^ _12266_/COUT (sky130_fd_sc_hd__ha_1)
                                         _00343_ (net)
                  0.13    0.00   11.08 ^ _11824_/A_N (sky130_fd_sc_hd__nand2b_1)
     1    0.00    0.06    0.12   11.20 ^ _11824_/Y (sky130_fd_sc_hd__nand2b_1)
                                         _05733_ (net)
                  0.06    0.00   11.20 ^ _11827_/A0 (sky130_fd_sc_hd__mux2i_1)
     1    0.01    0.11    0.08   11.28 v _11827_/Y (sky130_fd_sc_hd__mux2i_1)
                                         execution_unit_0.alu_0.alu_dadd2[4] (net)
                  0.11    0.00   11.28 v _12067_/CIN (sky130_fd_sc_hd__fa_1)
     2    0.01    0.12    0.45   11.74 v _12067_/COUT (sky130_fd_sc_hd__fa_1)
                                         _00035_ (net)
                  0.12    0.00   11.74 v _12066_/CIN (sky130_fd_sc_hd__fa_1)
     2    0.01    0.11    0.44   12.18 v _12066_/COUT (sky130_fd_sc_hd__fa_1)
                                         _00036_ (net)
                  0.11    0.00   12.18 v _07796_/B (sky130_fd_sc_hd__xnor2_1)
     3    0.01    0.34    0.32   12.50 ^ _07796_/Y (sky130_fd_sc_hd__xnor2_1)
                                         _00231_ (net)
                  0.34    0.00   12.50 ^ _12212_/B (sky130_fd_sc_hd__ha_1)
     4    0.02    0.18    0.31   12.81 ^ _12212_/COUT (sky130_fd_sc_hd__ha_1)
                                         _00232_ (net)
                  0.18    0.00   12.81 ^ _07798_/A1 (sky130_fd_sc_hd__o21ai_0)
     2    0.01    0.21    0.22   13.03 v _07798_/Y (sky130_fd_sc_hd__o21ai_0)
                                         _02663_ (net)
                  0.21    0.00   13.03 v _07885_/B (sky130_fd_sc_hd__xnor2_1)
     1    0.00    0.09    0.19   13.22 v _07885_/Y (sky130_fd_sc_hd__xnor2_1)
                                         _02749_ (net)
                  0.09    0.00   13.22 v _07886_/B1 (sky130_fd_sc_hd__a32o_1)
     1    0.00    0.05    0.22   13.45 v _07886_/X (sky130_fd_sc_hd__a32o_1)
                                         _02750_ (net)
                  0.05    0.00   13.45 v _07891_/A2 (sky130_fd_sc_hd__a21oi_1)
     3    0.02    0.43    0.38   13.82 ^ _07891_/Y (sky130_fd_sc_hd__a21oi_1)
                                         _02755_ (net)
                  0.43    0.00   13.83 ^ _07892_/B (sky130_fd_sc_hd__nand2_1)
     2    0.01    0.14    0.17   13.99 v _07892_/Y (sky130_fd_sc_hd__nand2_1)
                                         _02756_ (net)
                  0.14    0.00   13.99 v _09188_/A3 (sky130_fd_sc_hd__o41ai_2)
     2    0.02    0.55    0.56   14.55 ^ _09188_/Y (sky130_fd_sc_hd__o41ai_2)
                                         _03665_ (net)
                  0.55    0.00   14.55 ^ _09303_/A (sky130_fd_sc_hd__nand2_2)
     6    0.05    0.25    0.30   14.85 v _09303_/Y (sky130_fd_sc_hd__nand2_2)
                                         _03776_ (net)
                  0.25    0.00   14.85 v _09307_/B (sky130_fd_sc_hd__nand3_1)
     2    0.03    0.33    0.36   15.21 ^ _09307_/Y (sky130_fd_sc_hd__nand3_1)
                                         _03780_ (net)
                  0.33    0.00   15.22 ^ _12008_/A2 (sky130_fd_sc_hd__a31oi_1)
     2    0.03    0.29    0.32   15.54 v _12008_/Y (sky130_fd_sc_hd__a31oi_1)
                                         net134 (net)
                  0.29    0.00   15.54 v mem_backbone_0.dma_ready_dly$_DFF_PN0_/D (sky130_fd_sc_hd__dfrtp_1)
                                 15.54   data arrival time

                         50.00   50.00   clock dco_clk (rise edge)
                          0.00   50.00   clock source latency
     4    0.13    0.00    0.00   50.00 ^ dco_clk (in)
                                         dco_clk (net)
                  0.01    0.00   50.00 ^ clkbuf_regs_0_dco_clk/A (sky130_fd_sc_hd__clkbuf_16)
     1    0.01    0.03    0.10   50.11 ^ clkbuf_regs_0_dco_clk/X (sky130_fd_sc_hd__clkbuf_16)
                                         dco_clk_regs (net)
                  0.03    0.00   50.11 ^ clkbuf_0_dco_clk_regs/A (sky130_fd_sc_hd__clkbuf_16)
     8    0.24    0.25    0.28   50.39 ^ clkbuf_0_dco_clk_regs/X (sky130_fd_sc_hd__clkbuf_16)
                                         clknet_0_dco_clk_regs (net)
                  0.25    0.01   50.39 ^ clkbuf_3_2__f_dco_clk_regs/A (sky130_fd_sc_hd__clkbuf_16)
    12    0.18    0.19    0.31   50.70 ^ clkbuf_3_2__f_dco_clk_regs/X (sky130_fd_sc_hd__clkbuf_16)
                                         clknet_3_2__leaf_dco_clk_regs (net)
                  0.19    0.00   50.71 ^ clkbuf_leaf_15_dco_clk_regs/A (sky130_fd_sc_hd__clkbuf_16)
    12    0.05    0.07    0.20   50.90 ^ clkbuf_leaf_15_dco_clk_regs/X (sky130_fd_sc_hd__clkbuf_16)
                                         clknet_leaf_15_dco_clk_regs (net)
                  0.07    0.00   50.90 ^ mem_backbone_0.dma_ready_dly$_DFF_PN0_/CLK (sky130_fd_sc_hd__dfrtp_1)
                          0.00   50.90   clock reconvergence pessimism
                         -0.22   50.69   library setup time
                                 50.69   data required time
-----------------------------------------------------------------------------
                                 50.69   data required time
                                -15.54   data arrival time
-----------------------------------------------------------------------------
                                 35.15   slack (MET)



==========================================================================
global route report_check_types -max_slew -max_cap -max_fanout -violators
--------------------------------------------------------------------------

==========================================================================
global route max_slew_check_slack
--------------------------------------------------------------------------
0.39756709337234497

==========================================================================
global route max_slew_check_limit
--------------------------------------------------------------------------
1.4806289672851562

==========================================================================
global route max_slew_check_slack_limit
--------------------------------------------------------------------------
0.2685

==========================================================================
global route max_fanout_check_slack
--------------------------------------------------------------------------
1.0000000150474662e+30

==========================================================================
global route max_fanout_check_limit
--------------------------------------------------------------------------
1.0000000150474662e+30

==========================================================================
global route max_capacitance_check_slack
--------------------------------------------------------------------------
0.009357261471450329

==========================================================================
global route max_capacitance_check_limit
--------------------------------------------------------------------------
0.03388400003314018

==========================================================================
global route max_capacitance_check_slack_limit
--------------------------------------------------------------------------
0.2762

==========================================================================
global route max_slew_violation_count
--------------------------------------------------------------------------
max slew violation count 0

==========================================================================
global route max_fanout_violation_count
--------------------------------------------------------------------------
max fanout violation count 0

==========================================================================
global route max_cap_violation_count
--------------------------------------------------------------------------
max cap violation count 0

==========================================================================
global route setup_violation_count
--------------------------------------------------------------------------
setup violation count 0

==========================================================================
global route hold_violation_count
--------------------------------------------------------------------------
hold violation count 0

==========================================================================
global route report_checks -path_delay max reg to reg
--------------------------------------------------------------------------
Startpoint: clock_module_0.sync_cell_puc.data_sync[1]$_DFF_PP0_
            (rising edge-triggered flip-flop clocked by dco_clk)
Endpoint: mem_backbone_0.pmem_dout_bckup[10]$_DFFE_PN0P_
          (recovery check against rising-edge clock dco_clk)
Path Group: asynchronous
Path Type: max

  Delay    Time   Description
---------------------------------------------------------
   0.00    0.00   clock dco_clk (rise edge)
   0.00    0.00   clock source latency
   0.00    0.00 ^ dco_clk (in)
   0.11    0.11 ^ clkbuf_regs_0_dco_clk/X (sky130_fd_sc_hd__clkbuf_16)
   0.28    0.39 ^ clkbuf_0_dco_clk_regs/X (sky130_fd_sc_hd__clkbuf_16)
   0.30    0.69 ^ clkbuf_3_6__f_dco_clk_regs/X (sky130_fd_sc_hd__clkbuf_16)
   0.19    0.88 ^ clkbuf_leaf_27_dco_clk_regs/X (sky130_fd_sc_hd__clkbuf_16)
   0.00    0.88 ^ clock_module_0.sync_cell_puc.data_sync[1]$_DFF_PP0_/CLK (sky130_fd_sc_hd__dfrtp_4)
   0.87    1.75 ^ clock_module_0.sync_cell_puc.data_sync[1]$_DFF_PP0_/Q (sky130_fd_sc_hd__dfrtp_4)
   0.71    2.46 ^ place899/X (sky130_fd_sc_hd__buf_4)
   0.82    3.28 ^ place898/X (sky130_fd_sc_hd__buf_4)
   0.79    4.07 ^ place897/X (sky130_fd_sc_hd__buf_4)
   0.03    4.10 ^ mem_backbone_0.pmem_dout_bckup[10]$_DFFE_PN0P_/RESET_B (sky130_fd_sc_hd__dfrtp_1)
           4.10   data arrival time

  50.00   50.00   clock dco_clk (rise edge)
   0.00   50.00   clock source latency
   0.00   50.00 ^ dco_clk (in)
   0.11   50.11 ^ clkbuf_regs_0_dco_clk/X (sky130_fd_sc_hd__clkbuf_16)
   0.28   50.39 ^ clkbuf_0_dco_clk_regs/X (sky130_fd_sc_hd__clkbuf_16)
   0.32   50.70 ^ clkbuf_3_0__f_dco_clk_regs/X (sky130_fd_sc_hd__clkbuf_16)
   0.19   50.90 ^ clkbuf_leaf_82_dco_clk_regs/X (sky130_fd_sc_hd__clkbuf_16)
   0.00   50.90 ^ mem_backbone_0.pmem_dout_bckup[10]$_DFFE_PN0P_/CLK (sky130_fd_sc_hd__dfrtp_1)
   0.00   50.90   clock reconvergence pessimism
   0.04   50.94   library recovery time
          50.94   data required time
---------------------------------------------------------
          50.94   data required time
          -4.10   data arrival time
---------------------------------------------------------
          46.84   slack (MET)


Startpoint: dbg_0.mem_addr[1]$_DFF_PP0_
            (rising edge-triggered flip-flop clocked by dco_clk)
Endpoint: mem_backbone_0.dma_ready_dly$_DFF_PN0_
          (rising edge-triggered flip-flop clocked by dco_clk)
Path Group: dco_clk
Path Type: max

  Delay    Time   Description
---------------------------------------------------------
   0.00    0.00   clock dco_clk (rise edge)
   0.00    0.00   clock source latency
   0.00    0.00 ^ dco_clk (in)
   0.11    0.11 ^ clkbuf_regs_0_dco_clk/X (sky130_fd_sc_hd__clkbuf_16)
   0.28    0.39 ^ clkbuf_0_dco_clk_regs/X (sky130_fd_sc_hd__clkbuf_16)
   0.32    0.71 ^ clkbuf_3_7__f_dco_clk_regs/X (sky130_fd_sc_hd__clkbuf_16)
   0.20    0.90 ^ clkbuf_leaf_43_dco_clk_regs/X (sky130_fd_sc_hd__clkbuf_16)
   0.00    0.91 ^ dbg_0.mem_addr[1]$_DFF_PP0_/CLK (sky130_fd_sc_hd__dfrtp_1)
   0.68    1.58 ^ dbg_0.mem_addr[1]$_DFF_PP0_/Q (sky130_fd_sc_hd__dfrtp_1)
   0.28    1.86 v _08073_/Y (sky130_fd_sc_hd__inv_1)
   0.64    2.50 ^ _12235_/SUM (sky130_fd_sc_hd__ha_1)
   0.29    2.79 ^ _06237_/X (sky130_fd_sc_hd__or4bb_1)
   0.30    3.10 v _06281_/Y (sky130_fd_sc_hd__o22ai_1)
   0.37    3.46 v _06288_/X (sky130_fd_sc_hd__or2_1)
   0.36    3.82 v _06307_/X (sky130_fd_sc_hd__a221o_1)
   0.51    4.33 v _06323_/X (sky130_fd_sc_hd__or4_1)
   0.87    5.20 v _06396_/X (sky130_fd_sc_hd__or4_1)
   0.45    5.65 v _08107_/X (sky130_fd_sc_hd__mux2_2)
   0.17    5.82 ^ _08125_/Y (sky130_fd_sc_hd__o21ai_2)
   0.09    5.91 v _08126_/Y (sky130_fd_sc_hd__xnor2_1)
   0.18    6.09 v place574/X (sky130_fd_sc_hd__buf_4)
   0.44    6.53 v _12065_/COUT (sky130_fd_sc_hd__fa_1)
   0.44    6.97 v _12064_/COUT (sky130_fd_sc_hd__fa_1)
   0.29    7.26 ^ _08176_/Y (sky130_fd_sc_hd__xnor2_1)
   0.28    7.54 ^ _12218_/COUT (sky130_fd_sc_hd__ha_1)
   0.13    7.67 ^ _11832_/Y (sky130_fd_sc_hd__nand2b_1)
   0.10    7.77 v _11835_/Y (sky130_fd_sc_hd__mux2i_1)
   0.46    8.23 v _12053_/COUT (sky130_fd_sc_hd__fa_1)
   0.46    8.69 v _12052_/COUT (sky130_fd_sc_hd__fa_1)
   0.35    9.03 ^ _08177_/Y (sky130_fd_sc_hd__xnor2_1)
   0.30    9.33 ^ _12217_/COUT (sky130_fd_sc_hd__ha_1)
   0.13    9.46 ^ _11828_/Y (sky130_fd_sc_hd__nand2b_1)
   0.09    9.55 v _11831_/Y (sky130_fd_sc_hd__mux2i_1)
   0.47   10.02 v _12101_/COUT (sky130_fd_sc_hd__fa_1)
   0.51   10.52 v _12100_/COUT (sky130_fd_sc_hd__fa_1)
   0.29   10.81 ^ _08032_/Y (sky130_fd_sc_hd__xnor2_1)
   0.27   11.08 ^ _12266_/COUT (sky130_fd_sc_hd__ha_1)
   0.12   11.20 ^ _11824_/Y (sky130_fd_sc_hd__nand2b_1)
   0.08   11.28 v _11827_/Y (sky130_fd_sc_hd__mux2i_1)
   0.45   11.74 v _12067_/COUT (sky130_fd_sc_hd__fa_1)
   0.44   12.18 v _12066_/COUT (sky130_fd_sc_hd__fa_1)
   0.32   12.50 ^ _07796_/Y (sky130_fd_sc_hd__xnor2_1)
   0.31   12.81 ^ _12212_/COUT (sky130_fd_sc_hd__ha_1)
   0.22   13.03 v _07798_/Y (sky130_fd_sc_hd__o21ai_0)
   0.20   13.22 v _07885_/Y (sky130_fd_sc_hd__xnor2_1)
   0.22   13.45 v _07886_/X (sky130_fd_sc_hd__a32o_1)
   0.38   13.82 ^ _07891_/Y (sky130_fd_sc_hd__a21oi_1)
   0.17   13.99 v _07892_/Y (sky130_fd_sc_hd__nand2_1)
   0.56   14.55 ^ _09188_/Y (sky130_fd_sc_hd__o41ai_2)
   0.30   14.85 v _09303_/Y (sky130_fd_sc_hd__nand2_2)
   0.36   15.21 ^ _09307_/Y (sky130_fd_sc_hd__nand3_1)
   0.33   15.54 v _12008_/Y (sky130_fd_sc_hd__a31oi_1)
   0.00   15.54 v mem_backbone_0.dma_ready_dly$_DFF_PN0_/D (sky130_fd_sc_hd__dfrtp_1)
          15.54   data arrival time

  50.00   50.00   clock dco_clk (rise edge)
   0.00   50.00   clock source latency
   0.00   50.00 ^ dco_clk (in)
   0.11   50.11 ^ clkbuf_regs_0_dco_clk/X (sky130_fd_sc_hd__clkbuf_16)
   0.28   50.39 ^ clkbuf_0_dco_clk_regs/X (sky130_fd_sc_hd__clkbuf_16)
   0.32   50.70 ^ clkbuf_3_2__f_dco_clk_regs/X (sky130_fd_sc_hd__clkbuf_16)
   0.20   50.90 ^ clkbuf_leaf_15_dco_clk_regs/X (sky130_fd_sc_hd__clkbuf_16)
   0.00   50.90 ^ mem_backbone_0.dma_ready_dly$_DFF_PN0_/CLK (sky130_fd_sc_hd__dfrtp_1)
   0.00   50.90   clock reconvergence pessimism
  -0.22   50.69   library setup time
          50.69   data required time
---------------------------------------------------------
          50.69   data required time
         -15.54   data arrival time
---------------------------------------------------------
          35.15   slack (MET)



==========================================================================
global route report_checks -path_delay min reg to reg
--------------------------------------------------------------------------
Startpoint: clock_module_0.sync_reset_por.data_sync[1]$_DFF_PN1_
            (rising edge-triggered flip-flop clocked by dco_clk)
Endpoint: clock_module_0.sync_cell_puc.data_sync[1]$_DFF_PP0_
          (removal check against rising-edge clock dco_clk)
Path Group: asynchronous
Path Type: min

  Delay    Time   Description
---------------------------------------------------------
   0.00    0.00   clock dco_clk (rise edge)
   0.00    0.00   clock source latency
   0.00    0.00 ^ dco_clk (in)
   0.11    0.11 ^ clkbuf_regs_0_dco_clk/X (sky130_fd_sc_hd__clkbuf_16)
   0.28    0.39 ^ clkbuf_0_dco_clk_regs/X (sky130_fd_sc_hd__clkbuf_16)
   0.30    0.69 ^ clkbuf_3_6__f_dco_clk_regs/X (sky130_fd_sc_hd__clkbuf_16)
   0.19    0.88 ^ clkbuf_leaf_32_dco_clk_regs/X (sky130_fd_sc_hd__clkbuf_16)
   0.00    0.88 ^ clock_module_0.sync_reset_por.data_sync[1]$_DFF_PN1_/CLK (sky130_fd_sc_hd__dfstp_2)
   0.40    1.28 v clock_module_0.sync_reset_por.data_sync[1]$_DFF_PN1_/Q (sky130_fd_sc_hd__dfstp_2)
   0.23    1.51 ^ _09728_/Y (sky130_fd_sc_hd__nor2_1)
   0.00    1.51 ^ clock_module_0.sync_cell_puc.data_sync[1]$_DFF_PP0_/RESET_B (sky130_fd_sc_hd__dfrtp_4)
           1.51   data arrival time

   0.00    0.00   clock dco_clk (rise edge)
   0.00    0.00   clock source latency
   0.00    0.00 ^ dco_clk (in)
   0.11    0.11 ^ clkbuf_regs_0_dco_clk/X (sky130_fd_sc_hd__clkbuf_16)
   0.28    0.39 ^ clkbuf_0_dco_clk_regs/X (sky130_fd_sc_hd__clkbuf_16)
   0.30    0.69 ^ clkbuf_3_6__f_dco_clk_regs/X (sky130_fd_sc_hd__clkbuf_16)
   0.19    0.88 ^ clkbuf_leaf_27_dco_clk_regs/X (sky130_fd_sc_hd__clkbuf_16)
   0.00    0.88 ^ clock_module_0.sync_cell_puc.data_sync[1]$_DFF_PP0_/CLK (sky130_fd_sc_hd__dfrtp_4)
   0.00    0.88   clock reconvergence pessimism
   0.38    1.26   library removal time
           1.26   data required time
---------------------------------------------------------
           1.26   data required time
          -1.51   data arrival time
---------------------------------------------------------
           0.25   slack (MET)


Startpoint: clock_module_0.sync_cell_lfxt_clk.data_sync[0]$_DFF_PP0_
            (rising edge-triggered flip-flop clocked by dco_clk)
Endpoint: clock_module_0.sync_cell_lfxt_clk.data_sync[1]$_DFF_PP0_
          (rising edge-triggered flip-flop clocked by dco_clk)
Path Group: dco_clk
Path Type: min

  Delay    Time   Description
---------------------------------------------------------
   0.00    0.00   clock dco_clk (rise edge)
   0.00    0.00   clock source latency
   0.00    0.00 ^ dco_clk (in)
   0.11    0.11 ^ clkbuf_regs_0_dco_clk/X (sky130_fd_sc_hd__clkbuf_16)
   0.28    0.39 ^ clkbuf_0_dco_clk_regs/X (sky130_fd_sc_hd__clkbuf_16)
   0.32    0.71 ^ clkbuf_3_3__f_dco_clk_regs/X (sky130_fd_sc_hd__clkbuf_16)
   0.19    0.90 ^ clkbuf_leaf_11_dco_clk_regs/X (sky130_fd_sc_hd__clkbuf_16)
   0.00    0.90 ^ clock_module_0.sync_cell_lfxt_clk.data_sync[0]$_DFF_PP0_/CLK (sky130_fd_sc_hd__dfrtp_1)
   0.32    1.22 ^ clock_module_0.sync_cell_lfxt_clk.data_sync[0]$_DFF_PP0_/Q (sky130_fd_sc_hd__dfrtp_1)
   0.00    1.22 ^ clock_module_0.sync_cell_lfxt_clk.data_sync[1]$_DFF_PP0_/D (sky130_fd_sc_hd__dfrtp_1)
           1.22   data arrival time

   0.00    0.00   clock dco_clk (rise edge)
   0.00    0.00   clock source latency
   0.00    0.00 ^ dco_clk (in)
   0.11    0.11 ^ clkbuf_regs_0_dco_clk/X (sky130_fd_sc_hd__clkbuf_16)
   0.28    0.39 ^ clkbuf_0_dco_clk_regs/X (sky130_fd_sc_hd__clkbuf_16)
   0.32    0.71 ^ clkbuf_3_3__f_dco_clk_regs/X (sky130_fd_sc_hd__clkbuf_16)
   0.19    0.90 ^ clkbuf_leaf_11_dco_clk_regs/X (sky130_fd_sc_hd__clkbuf_16)
   0.00    0.90 ^ clock_module_0.sync_cell_lfxt_clk.data_sync[1]$_DFF_PP0_/CLK (sky130_fd_sc_hd__dfrtp_1)
   0.00    0.90   clock reconvergence pessimism
  -0.03    0.87   library hold time
           0.87   data required time
---------------------------------------------------------
           0.87   data required time
          -1.22   data arrival time
---------------------------------------------------------
           0.35   slack (MET)



==========================================================================
global route critical path target clock latency max path
--------------------------------------------------------------------------
0

==========================================================================
global route critical path target clock latency min path
--------------------------------------------------------------------------
0

==========================================================================
global route critical path source clock latency min path
--------------------------------------------------------------------------
0

==========================================================================
global route critical path delay
--------------------------------------------------------------------------
15.5395

==========================================================================
global route critical path slack
--------------------------------------------------------------------------
35.1476

==========================================================================
global route slack div critical path delay
--------------------------------------------------------------------------
226.182310

==========================================================================
global route report_power
--------------------------------------------------------------------------
Group                  Internal  Switching    Leakage      Total
                          Power      Power      Power      Power (Watts)
----------------------------------------------------------------
Sequential             7.25e-04   2.83e-04   7.75e-09   1.01e-03  21.7%
Combinational          8.37e-04   2.02e-03   2.03e-08   2.85e-03  61.6%
Clock                  4.40e-04   3.35e-04   1.62e-09   7.74e-04  16.7%
Macro                  0.00e+00   0.00e+00   0.00e+00   0.00e+00   0.0%
Pad                    0.00e+00   0.00e+00   0.00e+00   0.00e+00   0.0%
----------------------------------------------------------------
Total                  2.00e-03   2.63e-03   2.97e-08   4.63e-03 100.0%
                          43.2%      56.8%       0.0%
