
==========================================================================
finish report_tns
--------------------------------------------------------------------------
tns max 0.00

==========================================================================
finish report_wns
--------------------------------------------------------------------------
wns max 0.00

==========================================================================
finish report_worst_slack
--------------------------------------------------------------------------
worst slack max 35.55

==========================================================================
finish report_clock_min_period
--------------------------------------------------------------------------
dco_clk period_min = 14.45 fmax = 69.23

==========================================================================
finish report_clock_skew
--------------------------------------------------------------------------
Clock dco_clk
   0.84 source latency clock_module_0.sync_cell_puc.data_sync[1]$_DFF_PP0_/CLK ^
  -0.89 target latency execution_unit_0.register_file_0.r14[12]$_DFFE_PN0P_/CLK ^
   0.00 CRPR
--------------
  -0.05 setup skew


==========================================================================
finish report_checks -path_delay min
--------------------------------------------------------------------------
Startpoint: clock_module_0.sync_reset_por.data_sync[1]$_DFF_PN1_
            (rising edge-triggered flip-flop clocked by dco_clk)
Endpoint: clock_module_0.sync_cell_puc.data_sync[0]$_DFF_PP0_
          (removal check against rising-edge clock dco_clk)
Path Group: asynchronous
Path Type: min

Fanout     Cap    Slew   Delay    Time   Description
-----------------------------------------------------------------------------
                          0.00    0.00   clock dco_clk (rise edge)
                          0.00    0.00   clock source latency
     4    0.12    0.00    0.00    0.00 ^ dco_clk (in)
                                         dco_clk (net)
                  0.01    0.00    0.00 ^ clkbuf_regs_0_dco_clk/A (sky130_fd_sc_hd__clkbuf_16)
     1    0.01    0.03    0.10    0.11 ^ clkbuf_regs_0_dco_clk/X (sky130_fd_sc_hd__clkbuf_16)
                                         dco_clk_regs (net)
                  0.03    0.00    0.11 ^ clkbuf_0_dco_clk_regs/A (sky130_fd_sc_hd__clkbuf_16)
     8    0.23    0.24    0.26    0.37 ^ clkbuf_0_dco_clk_regs/X (sky130_fd_sc_hd__clkbuf_16)
                                         clknet_0_dco_clk_regs (net)
                  0.24    0.01    0.38 ^ clkbuf_3_6__f_dco_clk_regs/A (sky130_fd_sc_hd__clkbuf_16)
    11    0.15    0.16    0.28    0.66 ^ clkbuf_3_6__f_dco_clk_regs/X (sky130_fd_sc_hd__clkbuf_16)
                                         clknet_3_6__leaf_dco_clk_regs (net)
                  0.16    0.01    0.66 ^ clkbuf_leaf_32_dco_clk_regs/A (sky130_fd_sc_hd__clkbuf_16)
    11    0.04    0.06    0.18    0.84 ^ clkbuf_leaf_32_dco_clk_regs/X (sky130_fd_sc_hd__clkbuf_16)
                                         clknet_leaf_32_dco_clk_regs (net)
                  0.06    0.00    0.84 ^ clock_module_0.sync_reset_por.data_sync[1]$_DFF_PN1_/CLK (sky130_fd_sc_hd__dfstp_2)
     2    0.02    0.06    0.40    1.24 v clock_module_0.sync_reset_por.data_sync[1]$_DFF_PN1_/Q (sky130_fd_sc_hd__dfstp_2)
                                         clock_module_0.por (net)
                  0.06    0.00    1.25 v _09728_/A (sky130_fd_sc_hd__nor2_1)
     2    0.01    0.20    0.19    1.44 ^ _09728_/Y (sky130_fd_sc_hd__nor2_1)
                                         _00536_ (net)
                  0.20    0.00    1.44 ^ clock_module_0.sync_cell_puc.data_sync[0]$_DFF_PP0_/RESET_B (sky130_fd_sc_hd__dfrtp_1)
                                  1.44   data arrival time

                          0.00    0.00   clock dco_clk (rise edge)
                          0.00    0.00   clock source latency
     4    0.12    0.00    0.00    0.00 ^ dco_clk (in)
                                         dco_clk (net)
                  0.01    0.00    0.00 ^ clkbuf_regs_0_dco_clk/A (sky130_fd_sc_hd__clkbuf_16)
     1    0.01    0.03    0.10    0.11 ^ clkbuf_regs_0_dco_clk/X (sky130_fd_sc_hd__clkbuf_16)
                                         dco_clk_regs (net)
                  0.03    0.00    0.11 ^ clkbuf_0_dco_clk_regs/A (sky130_fd_sc_hd__clkbuf_16)
     8    0.23    0.24    0.26    0.37 ^ clkbuf_0_dco_clk_regs/X (sky130_fd_sc_hd__clkbuf_16)
                                         clknet_0_dco_clk_regs (net)
                  0.24    0.01    0.38 ^ clkbuf_3_6__f_dco_clk_regs/A (sky130_fd_sc_hd__clkbuf_16)
    11    0.15    0.16    0.28    0.66 ^ clkbuf_3_6__f_dco_clk_regs/X (sky130_fd_sc_hd__clkbuf_16)
                                         clknet_3_6__leaf_dco_clk_regs (net)
                  0.16    0.00    0.66 ^ clkbuf_leaf_27_dco_clk_regs/A (sky130_fd_sc_hd__clkbuf_16)
    11    0.04    0.06    0.18    0.84 ^ clkbuf_leaf_27_dco_clk_regs/X (sky130_fd_sc_hd__clkbuf_16)
                                         clknet_leaf_27_dco_clk_regs (net)
                  0.06    0.00    0.84 ^ clock_module_0.sync_cell_puc.data_sync[0]$_DFF_PP0_/CLK (sky130_fd_sc_hd__dfrtp_1)
                          0.00    0.84   clock reconvergence pessimism
                          0.36    1.21   library removal time
                                  1.21   data required time
-----------------------------------------------------------------------------
                                  1.21   data required time
                                 -1.44   data arrival time
-----------------------------------------------------------------------------
                                  0.23   slack (MET)


Startpoint: clock_module_0.sync_cell_puc.data_sync[0]$_DFF_PP0_
            (rising edge-triggered flip-flop clocked by dco_clk)
Endpoint: clock_module_0.sync_cell_puc.data_sync[1]$_DFF_PP0_
          (rising edge-triggered flip-flop clocked by dco_clk)
Path Group: dco_clk
Path Type: min

Fanout     Cap    Slew   Delay    Time   Description
-----------------------------------------------------------------------------
                          0.00    0.00   clock dco_clk (rise edge)
                          0.00    0.00   clock source latency
     4    0.12    0.00    0.00    0.00 ^ dco_clk (in)
                                         dco_clk (net)
                  0.01    0.00    0.00 ^ clkbuf_regs_0_dco_clk/A (sky130_fd_sc_hd__clkbuf_16)
     1    0.01    0.03    0.10    0.11 ^ clkbuf_regs_0_dco_clk/X (sky130_fd_sc_hd__clkbuf_16)
                                         dco_clk_regs (net)
                  0.03    0.00    0.11 ^ clkbuf_0_dco_clk_regs/A (sky130_fd_sc_hd__clkbuf_16)
     8    0.23    0.24    0.26    0.37 ^ clkbuf_0_dco_clk_regs/X (sky130_fd_sc_hd__clkbuf_16)
                                         clknet_0_dco_clk_regs (net)
                  0.24    0.01    0.38 ^ clkbuf_3_6__f_dco_clk_regs/A (sky130_fd_sc_hd__clkbuf_16)
    11    0.15    0.16    0.28    0.66 ^ clkbuf_3_6__f_dco_clk_regs/X (sky130_fd_sc_hd__clkbuf_16)
                                         clknet_3_6__leaf_dco_clk_regs (net)
                  0.16    0.00    0.66 ^ clkbuf_leaf_27_dco_clk_regs/A (sky130_fd_sc_hd__clkbuf_16)
    11    0.04    0.06    0.18    0.84 ^ clkbuf_leaf_27_dco_clk_regs/X (sky130_fd_sc_hd__clkbuf_16)
                                         clknet_leaf_27_dco_clk_regs (net)
                  0.06    0.00    0.84 ^ clock_module_0.sync_cell_puc.data_sync[0]$_DFF_PP0_/CLK (sky130_fd_sc_hd__dfrtp_1)
     1    0.00    0.04    0.31    1.16 ^ clock_module_0.sync_cell_puc.data_sync[0]$_DFF_PP0_/Q (sky130_fd_sc_hd__dfrtp_1)
                                         clock_module_0.sync_cell_puc.data_sync[0] (net)
                  0.04    0.00    1.16 ^ clock_module_0.sync_cell_puc.data_sync[1]$_DFF_PP0_/D (sky130_fd_sc_hd__dfrtp_4)
                                  1.16   data arrival time

                          0.00    0.00   clock dco_clk (rise edge)
                          0.00    0.00   clock source latency
     4    0.12    0.00    0.00    0.00 ^ dco_clk (in)
                                         dco_clk (net)
                  0.01    0.00    0.00 ^ clkbuf_regs_0_dco_clk/A (sky130_fd_sc_hd__clkbuf_16)
     1    0.01    0.03    0.10    0.11 ^ clkbuf_regs_0_dco_clk/X (sky130_fd_sc_hd__clkbuf_16)
                                         dco_clk_regs (net)
                  0.03    0.00    0.11 ^ clkbuf_0_dco_clk_regs/A (sky130_fd_sc_hd__clkbuf_16)
     8    0.23    0.24    0.26    0.37 ^ clkbuf_0_dco_clk_regs/X (sky130_fd_sc_hd__clkbuf_16)
                                         clknet_0_dco_clk_regs (net)
                  0.24    0.01    0.38 ^ clkbuf_3_6__f_dco_clk_regs/A (sky130_fd_sc_hd__clkbuf_16)
    11    0.15    0.16    0.28    0.66 ^ clkbuf_3_6__f_dco_clk_regs/X (sky130_fd_sc_hd__clkbuf_16)
                                         clknet_3_6__leaf_dco_clk_regs (net)
                  0.16    0.00    0.66 ^ clkbuf_leaf_27_dco_clk_regs/A (sky130_fd_sc_hd__clkbuf_16)
    11    0.04    0.06    0.18    0.84 ^ clkbuf_leaf_27_dco_clk_regs/X (sky130_fd_sc_hd__clkbuf_16)
                                         clknet_leaf_27_dco_clk_regs (net)
                  0.06    0.00    0.84 ^ clock_module_0.sync_cell_puc.data_sync[1]$_DFF_PP0_/CLK (sky130_fd_sc_hd__dfrtp_4)
                          0.00    0.84   clock reconvergence pessimism
                         -0.03    0.81   library hold time
                                  0.81   data required time
-----------------------------------------------------------------------------
                                  0.81   data required time
                                 -1.16   data arrival time
-----------------------------------------------------------------------------
                                  0.35   slack (MET)



==========================================================================
finish report_checks -path_delay max
--------------------------------------------------------------------------
Startpoint: clock_module_0.sync_cell_puc.data_sync[1]$_DFF_PP0_
            (rising edge-triggered flip-flop clocked by dco_clk)
Endpoint: mem_backbone_0.pmem_dout_bckup[7]$_DFFE_PN0P_
          (recovery check against rising-edge clock dco_clk)
Path Group: asynchronous
Path Type: max

Fanout     Cap    Slew   Delay    Time   Description
-----------------------------------------------------------------------------
                          0.00    0.00   clock dco_clk (rise edge)
                          0.00    0.00   clock source latency
     4    0.12    0.00    0.00    0.00 ^ dco_clk (in)
                                         dco_clk (net)
                  0.01    0.00    0.00 ^ clkbuf_regs_0_dco_clk/A (sky130_fd_sc_hd__clkbuf_16)
     1    0.01    0.03    0.10    0.11 ^ clkbuf_regs_0_dco_clk/X (sky130_fd_sc_hd__clkbuf_16)
                                         dco_clk_regs (net)
                  0.03    0.00    0.11 ^ clkbuf_0_dco_clk_regs/A (sky130_fd_sc_hd__clkbuf_16)
     8    0.23    0.24    0.26    0.37 ^ clkbuf_0_dco_clk_regs/X (sky130_fd_sc_hd__clkbuf_16)
                                         clknet_0_dco_clk_regs (net)
                  0.24    0.01    0.38 ^ clkbuf_3_6__f_dco_clk_regs/A (sky130_fd_sc_hd__clkbuf_16)
    11    0.15    0.16    0.28    0.66 ^ clkbuf_3_6__f_dco_clk_regs/X (sky130_fd_sc_hd__clkbuf_16)
                                         clknet_3_6__leaf_dco_clk_regs (net)
                  0.16    0.00    0.66 ^ clkbuf_leaf_27_dco_clk_regs/A (sky130_fd_sc_hd__clkbuf_16)
    11    0.04    0.06    0.18    0.84 ^ clkbuf_leaf_27_dco_clk_regs/X (sky130_fd_sc_hd__clkbuf_16)
                                         clknet_leaf_27_dco_clk_regs (net)
                  0.06    0.00    0.84 ^ clock_module_0.sync_cell_puc.data_sync[1]$_DFF_PP0_/CLK (sky130_fd_sc_hd__dfrtp_4)
    39    0.21    0.57    0.79    1.63 ^ clock_module_0.sync_cell_puc.data_sync[1]$_DFF_PP0_/Q (sky130_fd_sc_hd__dfrtp_4)
                                         clock_module_0.puc_noscan_n (net)
                  0.58    0.03    1.67 ^ place899/A (sky130_fd_sc_hd__buf_4)
    40    0.22    0.59    0.59    2.26 ^ place899/X (sky130_fd_sc_hd__buf_4)
                                         net895 (net)
                  0.59    0.04    2.30 ^ place898/A (sky130_fd_sc_hd__buf_4)
    48    0.26    0.70    0.67    2.96 ^ place898/X (sky130_fd_sc_hd__buf_4)
                                         net894 (net)
                  0.71    0.04    3.00 ^ place897/A (sky130_fd_sc_hd__buf_4)
    48    0.24    0.65    0.66    3.67 ^ place897/X (sky130_fd_sc_hd__buf_4)
                                         net893 (net)
                  0.66    0.03    3.69 ^ mem_backbone_0.pmem_dout_bckup[7]$_DFFE_PN0P_/RESET_B (sky130_fd_sc_hd__dfrtp_1)
                                  3.69   data arrival time

                         50.00   50.00   clock dco_clk (rise edge)
                          0.00   50.00   clock source latency
     4    0.12    0.00    0.00   50.00 ^ dco_clk (in)
                                         dco_clk (net)
                  0.01    0.00   50.00 ^ clkbuf_regs_0_dco_clk/A (sky130_fd_sc_hd__clkbuf_16)
     1    0.01    0.03    0.10   50.11 ^ clkbuf_regs_0_dco_clk/X (sky130_fd_sc_hd__clkbuf_16)
                                         dco_clk_regs (net)
                  0.03    0.00   50.11 ^ clkbuf_0_dco_clk_regs/A (sky130_fd_sc_hd__clkbuf_16)
     8    0.23    0.24    0.26   50.37 ^ clkbuf_0_dco_clk_regs/X (sky130_fd_sc_hd__clkbuf_16)
                                         clknet_0_dco_clk_regs (net)
                  0.24    0.01   50.38 ^ clkbuf_3_0__f_dco_clk_regs/A (sky130_fd_sc_hd__clkbuf_16)
    12    0.17    0.18    0.29   50.67 ^ clkbuf_3_0__f_dco_clk_regs/X (sky130_fd_sc_hd__clkbuf_16)
                                         clknet_3_0__leaf_dco_clk_regs (net)
                  0.18    0.01   50.68 ^ clkbuf_leaf_2_dco_clk_regs/A (sky130_fd_sc_hd__clkbuf_16)
    10    0.03    0.05    0.18   50.86 ^ clkbuf_leaf_2_dco_clk_regs/X (sky130_fd_sc_hd__clkbuf_16)
                                         clknet_leaf_2_dco_clk_regs (net)
                  0.05    0.00   50.86 ^ mem_backbone_0.pmem_dout_bckup[7]$_DFFE_PN0P_/CLK (sky130_fd_sc_hd__dfrtp_1)
                          0.00   50.86   clock reconvergence pessimism
                          0.07   50.93   library recovery time
                                 50.93   data required time
-----------------------------------------------------------------------------
                                 50.93   data required time
                                 -3.69   data arrival time
-----------------------------------------------------------------------------
                                 47.24   slack (MET)


Startpoint: frontend_0.inst_dest_bin[1]$_DFFE_PN0P_
            (rising edge-triggered flip-flop clocked by dco_clk)
Endpoint: mem_backbone_0.dma_ready_dly$_DFF_PN0_
          (rising edge-triggered flip-flop clocked by dco_clk)
Path Group: dco_clk
Path Type: max

Fanout     Cap    Slew   Delay    Time   Description
-----------------------------------------------------------------------------
                          0.00    0.00   clock dco_clk (rise edge)
                          0.00    0.00   clock source latency
     4    0.12    0.00    0.00    0.00 ^ dco_clk (in)
                                         dco_clk (net)
                  0.01    0.00    0.00 ^ clkbuf_regs_0_dco_clk/A (sky130_fd_sc_hd__clkbuf_16)
     1    0.01    0.03    0.10    0.11 ^ clkbuf_regs_0_dco_clk/X (sky130_fd_sc_hd__clkbuf_16)
                                         dco_clk_regs (net)
                  0.03    0.00    0.11 ^ clkbuf_0_dco_clk_regs/A (sky130_fd_sc_hd__clkbuf_16)
     8    0.23    0.24    0.26    0.37 ^ clkbuf_0_dco_clk_regs/X (sky130_fd_sc_hd__clkbuf_16)
                                         clknet_0_dco_clk_regs (net)
                  0.24    0.01    0.38 ^ clkbuf_3_1__f_dco_clk_regs/A (sky130_fd_sc_hd__clkbuf_16)
    13    0.18    0.19    0.30    0.68 ^ clkbuf_3_1__f_dco_clk_regs/X (sky130_fd_sc_hd__clkbuf_16)
                                         clknet_3_1__leaf_dco_clk_regs (net)
                  0.19    0.00    0.69 ^ clkbuf_leaf_73_dco_clk_regs/A (sky130_fd_sc_hd__clkbuf_16)
     9    0.04    0.06    0.19    0.88 ^ clkbuf_leaf_73_dco_clk_regs/X (sky130_fd_sc_hd__clkbuf_16)
                                         clknet_leaf_73_dco_clk_regs (net)
                  0.06    0.00    0.88 ^ frontend_0.inst_dest_bin[1]$_DFFE_PN0P_/CLK (sky130_fd_sc_hd__dfrtp_1)
     1    0.00    0.04    0.36    1.23 v frontend_0.inst_dest_bin[1]$_DFFE_PN0P_/Q (sky130_fd_sc_hd__dfrtp_1)
                                         frontend_0.inst_dest_bin[1] (net)
                  0.04    0.00    1.23 v place868/A (sky130_fd_sc_hd__buf_4)
    10    0.09    0.12    0.20    1.44 v place868/X (sky130_fd_sc_hd__buf_4)
                                         net864 (net)
                  0.12    0.01    1.45 v _08066_/A (sky130_fd_sc_hd__inv_1)
     1    0.00    0.05    0.09    1.54 ^ _08066_/Y (sky130_fd_sc_hd__inv_1)
                                         _00267_ (net)
                  0.05    0.00    1.54 ^ _12229_/A (sky130_fd_sc_hd__ha_1)
     1    0.00    0.06    0.15    1.69 ^ _12229_/COUT (sky130_fd_sc_hd__ha_1)
                                         _00269_ (net)
                  0.06    0.00    1.69 ^ place777/A (sky130_fd_sc_hd__buf_4)
    23    0.12    0.34    0.32    2.00 ^ place777/X (sky130_fd_sc_hd__buf_4)
                                         net773 (net)
                  0.34    0.02    2.02 ^ _06265_/C_N (sky130_fd_sc_hd__or3b_1)
     1    0.00    0.07    0.38    2.40 v _06265_/X (sky130_fd_sc_hd__or3b_1)
                                         _01219_ (net)
                  0.07    0.00    2.40 v place773/A (sky130_fd_sc_hd__buf_4)
    16    0.11    0.14    0.24    2.64 v place773/X (sky130_fd_sc_hd__buf_4)
                                         net769 (net)
                  0.14    0.01    2.65 v _06268_/C (sky130_fd_sc_hd__nand4_1)
     7    0.05    0.58    0.49    3.14 ^ _06268_/Y (sky130_fd_sc_hd__nand4_1)
                                         _01222_ (net)
                  0.58    0.00    3.15 ^ _06269_/B (sky130_fd_sc_hd__nor2_1)
     3    0.04    0.25    0.31    3.46 v _06269_/Y (sky130_fd_sc_hd__nor2_1)
                                         _01223_ (net)
                  0.25    0.00    3.46 v _06279_/A2 (sky130_fd_sc_hd__a22o_1)
     1    0.00    0.04    0.31    3.76 v _06279_/X (sky130_fd_sc_hd__a22o_1)
                                         _01233_ (net)
                  0.04    0.00    3.76 v _06323_/B (sky130_fd_sc_hd__or4_1)
     1    0.01    0.11    0.53    4.30 v _06323_/X (sky130_fd_sc_hd__or4_1)
                                         _01277_ (net)
                  0.11    0.00    4.30 v _06396_/A (sky130_fd_sc_hd__or4_1)
     3    0.07    0.39    0.88    5.18 v _06396_/X (sky130_fd_sc_hd__or4_1)
                                         _01350_ (net)
                  0.39    0.01    5.19 v _08107_/A0 (sky130_fd_sc_hd__mux2_2)
     2    0.02    0.09    0.46    5.65 v _08107_/X (sky130_fd_sc_hd__mux2_2)
                                         _02937_ (net)
                  0.09    0.00    5.65 v _08125_/A2 (sky130_fd_sc_hd__o21ai_2)
     2    0.01    0.14    0.16    5.81 ^ _08125_/Y (sky130_fd_sc_hd__o21ai_2)
                                         _02955_ (net)
                  0.14    0.00    5.81 ^ _08126_/B (sky130_fd_sc_hd__xnor2_1)
     1    0.00    0.07    0.08    5.89 v _08126_/Y (sky130_fd_sc_hd__xnor2_1)
                                         execution_unit_0.alu_0.op_src_in[0] (net)
                  0.07    0.00    5.89 v place574/A (sky130_fd_sc_hd__buf_4)
     5    0.03    0.06    0.18    6.07 v place574/X (sky130_fd_sc_hd__buf_4)
                                         net570 (net)
                  0.06    0.00    6.07 v _12065_/CIN (sky130_fd_sc_hd__fa_1)
     2    0.01    0.11    0.42    6.49 v _12065_/COUT (sky130_fd_sc_hd__fa_1)
                                         _00032_ (net)
                  0.11    0.00    6.49 v _12064_/CIN (sky130_fd_sc_hd__fa_1)
     2    0.01    0.10    0.43    6.92 v _12064_/COUT (sky130_fd_sc_hd__fa_1)
                                         _00033_ (net)
                  0.10    0.00    6.92 v _08176_/B (sky130_fd_sc_hd__xnor2_1)
     3    0.01    0.27    0.27    7.19 ^ _08176_/Y (sky130_fd_sc_hd__xnor2_1)
                                         _00242_ (net)
                  0.27    0.00    7.19 ^ _12218_/B (sky130_fd_sc_hd__ha_1)
     4    0.01    0.15    0.28    7.47 ^ _12218_/COUT (sky130_fd_sc_hd__ha_1)
                                         _00243_ (net)
                  0.15    0.00    7.47 ^ _11832_/A_N (sky130_fd_sc_hd__nand2b_1)
     1    0.00    0.06    0.13    7.60 ^ _11832_/Y (sky130_fd_sc_hd__nand2b_1)
                                         _05739_ (net)
                  0.06    0.00    7.60 ^ _11835_/A0 (sky130_fd_sc_hd__mux2i_1)
     1    0.01    0.12    0.10    7.69 v _11835_/Y (sky130_fd_sc_hd__mux2i_1)
                                         execution_unit_0.alu_0.alu_dadd0[4] (net)
                  0.12    0.00    7.69 v _12053_/CIN (sky130_fd_sc_hd__fa_1)
     2    0.01    0.11    0.45    8.14 v _12053_/COUT (sky130_fd_sc_hd__fa_1)
                                         _00008_ (net)
                  0.11    0.00    8.14 v _12052_/CIN (sky130_fd_sc_hd__fa_1)
     2    0.01    0.11    0.43    8.57 v _12052_/COUT (sky130_fd_sc_hd__fa_1)
                                         _00009_ (net)
                  0.11    0.00    8.57 v _08177_/B (sky130_fd_sc_hd__xnor2_1)
     3    0.01    0.32    0.31    8.88 ^ _08177_/Y (sky130_fd_sc_hd__xnor2_1)
                                         _00238_ (net)
                  0.32    0.00    8.88 ^ _12217_/B (sky130_fd_sc_hd__ha_1)
     4    0.01    0.12    0.27    9.15 ^ _12217_/COUT (sky130_fd_sc_hd__ha_1)
                                         _00239_ (net)
                  0.12    0.00    9.15 ^ _11828_/A_N (sky130_fd_sc_hd__nand2b_1)
     1    0.00    0.05    0.12    9.27 ^ _11828_/Y (sky130_fd_sc_hd__nand2b_1)
                                         _05736_ (net)
                  0.05    0.00    9.27 ^ _11831_/A0 (sky130_fd_sc_hd__mux2i_1)
     1    0.01    0.11    0.08    9.35 v _11831_/Y (sky130_fd_sc_hd__mux2i_1)
                                         execution_unit_0.alu_0.alu_dadd1[4] (net)
                  0.11    0.00    9.35 v _12101_/CIN (sky130_fd_sc_hd__fa_1)
     2    0.01    0.12    0.46    9.81 v _12101_/COUT (sky130_fd_sc_hd__fa_1)
                                         _00073_ (net)
                  0.12    0.00    9.81 v _12100_/A (sky130_fd_sc_hd__fa_1)
     2    0.01    0.11    0.49   10.30 v _12100_/COUT (sky130_fd_sc_hd__fa_1)
                                         _00074_ (net)
                  0.11    0.00   10.30 v _08032_/B (sky130_fd_sc_hd__xnor2_1)
     3    0.01    0.25    0.26   10.56 ^ _08032_/Y (sky130_fd_sc_hd__xnor2_1)
                                         _00342_ (net)
                  0.25    0.00   10.56 ^ _12266_/B (sky130_fd_sc_hd__ha_1)
     4    0.01    0.12    0.25   10.81 ^ _12266_/COUT (sky130_fd_sc_hd__ha_1)
                                         _00343_ (net)
                  0.12    0.00   10.81 ^ _11824_/A_N (sky130_fd_sc_hd__nand2b_1)
     1    0.00    0.06    0.11   10.92 ^ _11824_/Y (sky130_fd_sc_hd__nand2b_1)
                                         _05733_ (net)
                  0.06    0.00   10.92 ^ _11827_/A0 (sky130_fd_sc_hd__mux2i_1)
     1    0.01    0.11    0.08   11.00 v _11827_/Y (sky130_fd_sc_hd__mux2i_1)
                                         execution_unit_0.alu_0.alu_dadd2[4] (net)
                  0.11    0.00   11.00 v _12067_/CIN (sky130_fd_sc_hd__fa_1)
     2    0.01    0.12    0.45   11.45 v _12067_/COUT (sky130_fd_sc_hd__fa_1)
                                         _00035_ (net)
                  0.12    0.00   11.45 v _12066_/CIN (sky130_fd_sc_hd__fa_1)
     2    0.01    0.10    0.43   11.87 v _12066_/COUT (sky130_fd_sc_hd__fa_1)
                                         _00036_ (net)
                  0.10    0.00   11.87 v _07796_/B (sky130_fd_sc_hd__xnor2_1)
     3    0.01    0.28    0.27   12.15 ^ _07796_/Y (sky130_fd_sc_hd__xnor2_1)
                                         _00231_ (net)
                  0.28    0.00   12.15 ^ _12212_/B (sky130_fd_sc_hd__ha_1)
     4    0.01    0.16    0.29   12.43 ^ _12212_/COUT (sky130_fd_sc_hd__ha_1)
                                         _00232_ (net)
                  0.16    0.00   12.43 ^ _07798_/A1 (sky130_fd_sc_hd__o21ai_0)
     2    0.01    0.17    0.18   12.61 v _07798_/Y (sky130_fd_sc_hd__o21ai_0)
                                         _02663_ (net)
                  0.17    0.00   12.62 v _07885_/B (sky130_fd_sc_hd__xnor2_1)
     1    0.01    0.08    0.18   12.80 v _07885_/Y (sky130_fd_sc_hd__xnor2_1)
                                         _02749_ (net)
                  0.08    0.00   12.80 v _07886_/B1 (sky130_fd_sc_hd__a32o_1)
     1    0.00    0.04    0.22   13.01 v _07886_/X (sky130_fd_sc_hd__a32o_1)
                                         _02750_ (net)
                  0.04    0.00   13.01 v _07891_/A2 (sky130_fd_sc_hd__a21oi_1)
     3    0.02    0.43    0.38   13.39 ^ _07891_/Y (sky130_fd_sc_hd__a21oi_1)
                                         _02755_ (net)
                  0.43    0.00   13.39 ^ _07892_/B (sky130_fd_sc_hd__nand2_1)
     2    0.01    0.13    0.15   13.55 v _07892_/Y (sky130_fd_sc_hd__nand2_1)
                                         _02756_ (net)
                  0.13    0.00   13.55 v _09188_/A3 (sky130_fd_sc_hd__o41ai_2)
     2    0.02    0.54    0.55   14.09 ^ _09188_/Y (sky130_fd_sc_hd__o41ai_2)
                                         _03665_ (net)
                  0.54    0.00   14.09 ^ _09303_/A (sky130_fd_sc_hd__nand2_2)
     6    0.04    0.25    0.29   14.39 v _09303_/Y (sky130_fd_sc_hd__nand2_2)
                                         _03776_ (net)
                  0.25    0.00   14.39 v _09307_/B (sky130_fd_sc_hd__nand3_1)
     2    0.03    0.32    0.35   14.74 ^ _09307_/Y (sky130_fd_sc_hd__nand3_1)
                                         _03780_ (net)
                  0.32    0.00   14.75 ^ _12008_/A2 (sky130_fd_sc_hd__a31oi_1)
     2    0.03    0.31    0.34   15.09 v _12008_/Y (sky130_fd_sc_hd__a31oi_1)
                                         net134 (net)
                  0.31    0.00   15.09 v mem_backbone_0.dma_ready_dly$_DFF_PN0_/D (sky130_fd_sc_hd__dfrtp_1)
                                 15.09   data arrival time

                         50.00   50.00   clock dco_clk (rise edge)
                          0.00   50.00   clock source latency
     4    0.12    0.00    0.00   50.00 ^ dco_clk (in)
                                         dco_clk (net)
                  0.01    0.00   50.00 ^ clkbuf_regs_0_dco_clk/A (sky130_fd_sc_hd__clkbuf_16)
     1    0.01    0.03    0.10   50.11 ^ clkbuf_regs_0_dco_clk/X (sky130_fd_sc_hd__clkbuf_16)
                                         dco_clk_regs (net)
                  0.03    0.00   50.11 ^ clkbuf_0_dco_clk_regs/A (sky130_fd_sc_hd__clkbuf_16)
     8    0.23    0.24    0.26   50.37 ^ clkbuf_0_dco_clk_regs/X (sky130_fd_sc_hd__clkbuf_16)
                                         clknet_0_dco_clk_regs (net)
                  0.24    0.01   50.38 ^ clkbuf_3_2__f_dco_clk_regs/A (sky130_fd_sc_hd__clkbuf_16)
    12    0.17    0.18    0.30   50.68 ^ clkbuf_3_2__f_dco_clk_regs/X (sky130_fd_sc_hd__clkbuf_16)
                                         clknet_3_2__leaf_dco_clk_regs (net)
                  0.18    0.00   50.68 ^ clkbuf_leaf_15_dco_clk_regs/A (sky130_fd_sc_hd__clkbuf_16)
    12    0.04    0.06    0.19   50.87 ^ clkbuf_leaf_15_dco_clk_regs/X (sky130_fd_sc_hd__clkbuf_16)
                                         clknet_leaf_15_dco_clk_regs (net)
                  0.06    0.00   50.87 ^ mem_backbone_0.dma_ready_dly$_DFF_PN0_/CLK (sky130_fd_sc_hd__dfrtp_1)
                          0.00   50.87   clock reconvergence pessimism
                         -0.23   50.64   library setup time
                                 50.64   data required time
-----------------------------------------------------------------------------
                                 50.64   data required time
                                -15.09   data arrival time
-----------------------------------------------------------------------------
                                 35.55   slack (MET)



==========================================================================
finish report_checks -unconstrained
--------------------------------------------------------------------------
Startpoint: clock_module_0.sync_cell_puc.data_sync[1]$_DFF_PP0_
            (rising edge-triggered flip-flop clocked by dco_clk)
Endpoint: mem_backbone_0.pmem_dout_bckup[7]$_DFFE_PN0P_
          (recovery check against rising-edge clock dco_clk)
Path Group: asynchronous
Path Type: max

Fanout     Cap    Slew   Delay    Time   Description
-----------------------------------------------------------------------------
                          0.00    0.00   clock dco_clk (rise edge)
                          0.00    0.00   clock source latency
     4    0.12    0.00    0.00    0.00 ^ dco_clk (in)
                                         dco_clk (net)
                  0.01    0.00    0.00 ^ clkbuf_regs_0_dco_clk/A (sky130_fd_sc_hd__clkbuf_16)
     1    0.01    0.03    0.10    0.11 ^ clkbuf_regs_0_dco_clk/X (sky130_fd_sc_hd__clkbuf_16)
                                         dco_clk_regs (net)
                  0.03    0.00    0.11 ^ clkbuf_0_dco_clk_regs/A (sky130_fd_sc_hd__clkbuf_16)
     8    0.23    0.24    0.26    0.37 ^ clkbuf_0_dco_clk_regs/X (sky130_fd_sc_hd__clkbuf_16)
                                         clknet_0_dco_clk_regs (net)
                  0.24    0.01    0.38 ^ clkbuf_3_6__f_dco_clk_regs/A (sky130_fd_sc_hd__clkbuf_16)
    11    0.15    0.16    0.28    0.66 ^ clkbuf_3_6__f_dco_clk_regs/X (sky130_fd_sc_hd__clkbuf_16)
                                         clknet_3_6__leaf_dco_clk_regs (net)
                  0.16    0.00    0.66 ^ clkbuf_leaf_27_dco_clk_regs/A (sky130_fd_sc_hd__clkbuf_16)
    11    0.04    0.06    0.18    0.84 ^ clkbuf_leaf_27_dco_clk_regs/X (sky130_fd_sc_hd__clkbuf_16)
                                         clknet_leaf_27_dco_clk_regs (net)
                  0.06    0.00    0.84 ^ clock_module_0.sync_cell_puc.data_sync[1]$_DFF_PP0_/CLK (sky130_fd_sc_hd__dfrtp_4)
    39    0.21    0.57    0.79    1.63 ^ clock_module_0.sync_cell_puc.data_sync[1]$_DFF_PP0_/Q (sky130_fd_sc_hd__dfrtp_4)
                                         clock_module_0.puc_noscan_n (net)
                  0.58    0.03    1.67 ^ place899/A (sky130_fd_sc_hd__buf_4)
    40    0.22    0.59    0.59    2.26 ^ place899/X (sky130_fd_sc_hd__buf_4)
                                         net895 (net)
                  0.59    0.04    2.30 ^ place898/A (sky130_fd_sc_hd__buf_4)
    48    0.26    0.70    0.67    2.96 ^ place898/X (sky130_fd_sc_hd__buf_4)
                                         net894 (net)
                  0.71    0.04    3.00 ^ place897/A (sky130_fd_sc_hd__buf_4)
    48    0.24    0.65    0.66    3.67 ^ place897/X (sky130_fd_sc_hd__buf_4)
                                         net893 (net)
                  0.66    0.03    3.69 ^ mem_backbone_0.pmem_dout_bckup[7]$_DFFE_PN0P_/RESET_B (sky130_fd_sc_hd__dfrtp_1)
                                  3.69   data arrival time

                         50.00   50.00   clock dco_clk (rise edge)
                          0.00   50.00   clock source latency
     4    0.12    0.00    0.00   50.00 ^ dco_clk (in)
                                         dco_clk (net)
                  0.01    0.00   50.00 ^ clkbuf_regs_0_dco_clk/A (sky130_fd_sc_hd__clkbuf_16)
     1    0.01    0.03    0.10   50.11 ^ clkbuf_regs_0_dco_clk/X (sky130_fd_sc_hd__clkbuf_16)
                                         dco_clk_regs (net)
                  0.03    0.00   50.11 ^ clkbuf_0_dco_clk_regs/A (sky130_fd_sc_hd__clkbuf_16)
     8    0.23    0.24    0.26   50.37 ^ clkbuf_0_dco_clk_regs/X (sky130_fd_sc_hd__clkbuf_16)
                                         clknet_0_dco_clk_regs (net)
                  0.24    0.01   50.38 ^ clkbuf_3_0__f_dco_clk_regs/A (sky130_fd_sc_hd__clkbuf_16)
    12    0.17    0.18    0.29   50.67 ^ clkbuf_3_0__f_dco_clk_regs/X (sky130_fd_sc_hd__clkbuf_16)
                                         clknet_3_0__leaf_dco_clk_regs (net)
                  0.18    0.01   50.68 ^ clkbuf_leaf_2_dco_clk_regs/A (sky130_fd_sc_hd__clkbuf_16)
    10    0.03    0.05    0.18   50.86 ^ clkbuf_leaf_2_dco_clk_regs/X (sky130_fd_sc_hd__clkbuf_16)
                                         clknet_leaf_2_dco_clk_regs (net)
                  0.05    0.00   50.86 ^ mem_backbone_0.pmem_dout_bckup[7]$_DFFE_PN0P_/CLK (sky130_fd_sc_hd__dfrtp_1)
                          0.00   50.86   clock reconvergence pessimism
                          0.07   50.93   library recovery time
                                 50.93   data required time
-----------------------------------------------------------------------------
                                 50.93   data required time
                                 -3.69   data arrival time
-----------------------------------------------------------------------------
                                 47.24   slack (MET)


Startpoint: frontend_0.inst_dest_bin[1]$_DFFE_PN0P_
            (rising edge-triggered flip-flop clocked by dco_clk)
Endpoint: mem_backbone_0.dma_ready_dly$_DFF_PN0_
          (rising edge-triggered flip-flop clocked by dco_clk)
Path Group: dco_clk
Path Type: max

Fanout     Cap    Slew   Delay    Time   Description
-----------------------------------------------------------------------------
                          0.00    0.00   clock dco_clk (rise edge)
                          0.00    0.00   clock source latency
     4    0.12    0.00    0.00    0.00 ^ dco_clk (in)
                                         dco_clk (net)
                  0.01    0.00    0.00 ^ clkbuf_regs_0_dco_clk/A (sky130_fd_sc_hd__clkbuf_16)
     1    0.01    0.03    0.10    0.11 ^ clkbuf_regs_0_dco_clk/X (sky130_fd_sc_hd__clkbuf_16)
                                         dco_clk_regs (net)
                  0.03    0.00    0.11 ^ clkbuf_0_dco_clk_regs/A (sky130_fd_sc_hd__clkbuf_16)
     8    0.23    0.24    0.26    0.37 ^ clkbuf_0_dco_clk_regs/X (sky130_fd_sc_hd__clkbuf_16)
                                         clknet_0_dco_clk_regs (net)
                  0.24    0.01    0.38 ^ clkbuf_3_1__f_dco_clk_regs/A (sky130_fd_sc_hd__clkbuf_16)
    13    0.18    0.19    0.30    0.68 ^ clkbuf_3_1__f_dco_clk_regs/X (sky130_fd_sc_hd__clkbuf_16)
                                         clknet_3_1__leaf_dco_clk_regs (net)
                  0.19    0.00    0.69 ^ clkbuf_leaf_73_dco_clk_regs/A (sky130_fd_sc_hd__clkbuf_16)
     9    0.04    0.06    0.19    0.88 ^ clkbuf_leaf_73_dco_clk_regs/X (sky130_fd_sc_hd__clkbuf_16)
                                         clknet_leaf_73_dco_clk_regs (net)
                  0.06    0.00    0.88 ^ frontend_0.inst_dest_bin[1]$_DFFE_PN0P_/CLK (sky130_fd_sc_hd__dfrtp_1)
     1    0.00    0.04    0.36    1.23 v frontend_0.inst_dest_bin[1]$_DFFE_PN0P_/Q (sky130_fd_sc_hd__dfrtp_1)
                                         frontend_0.inst_dest_bin[1] (net)
                  0.04    0.00    1.23 v place868/A (sky130_fd_sc_hd__buf_4)
    10    0.09    0.12    0.20    1.44 v place868/X (sky130_fd_sc_hd__buf_4)
                                         net864 (net)
                  0.12    0.01    1.45 v _08066_/A (sky130_fd_sc_hd__inv_1)
     1    0.00    0.05    0.09    1.54 ^ _08066_/Y (sky130_fd_sc_hd__inv_1)
                                         _00267_ (net)
                  0.05    0.00    1.54 ^ _12229_/A (sky130_fd_sc_hd__ha_1)
     1    0.00    0.06    0.15    1.69 ^ _12229_/COUT (sky130_fd_sc_hd__ha_1)
                                         _00269_ (net)
                  0.06    0.00    1.69 ^ place777/A (sky130_fd_sc_hd__buf_4)
    23    0.12    0.34    0.32    2.00 ^ place777/X (sky130_fd_sc_hd__buf_4)
                                         net773 (net)
                  0.34    0.02    2.02 ^ _06265_/C_N (sky130_fd_sc_hd__or3b_1)
     1    0.00    0.07    0.38    2.40 v _06265_/X (sky130_fd_sc_hd__or3b_1)
                                         _01219_ (net)
                  0.07    0.00    2.40 v place773/A (sky130_fd_sc_hd__buf_4)
    16    0.11    0.14    0.24    2.64 v place773/X (sky130_fd_sc_hd__buf_4)
                                         net769 (net)
                  0.14    0.01    2.65 v _06268_/C (sky130_fd_sc_hd__nand4_1)
     7    0.05    0.58    0.49    3.14 ^ _06268_/Y (sky130_fd_sc_hd__nand4_1)
                                         _01222_ (net)
                  0.58    0.00    3.15 ^ _06269_/B (sky130_fd_sc_hd__nor2_1)
     3    0.04    0.25    0.31    3.46 v _06269_/Y (sky130_fd_sc_hd__nor2_1)
                                         _01223_ (net)
                  0.25    0.00    3.46 v _06279_/A2 (sky130_fd_sc_hd__a22o_1)
     1    0.00    0.04    0.31    3.76 v _06279_/X (sky130_fd_sc_hd__a22o_1)
                                         _01233_ (net)
                  0.04    0.00    3.76 v _06323_/B (sky130_fd_sc_hd__or4_1)
     1    0.01    0.11    0.53    4.30 v _06323_/X (sky130_fd_sc_hd__or4_1)
                                         _01277_ (net)
                  0.11    0.00    4.30 v _06396_/A (sky130_fd_sc_hd__or4_1)
     3    0.07    0.39    0.88    5.18 v _06396_/X (sky130_fd_sc_hd__or4_1)
                                         _01350_ (net)
                  0.39    0.01    5.19 v _08107_/A0 (sky130_fd_sc_hd__mux2_2)
     2    0.02    0.09    0.46    5.65 v _08107_/X (sky130_fd_sc_hd__mux2_2)
                                         _02937_ (net)
                  0.09    0.00    5.65 v _08125_/A2 (sky130_fd_sc_hd__o21ai_2)
     2    0.01    0.14    0.16    5.81 ^ _08125_/Y (sky130_fd_sc_hd__o21ai_2)
                                         _02955_ (net)
                  0.14    0.00    5.81 ^ _08126_/B (sky130_fd_sc_hd__xnor2_1)
     1    0.00    0.07    0.08    5.89 v _08126_/Y (sky130_fd_sc_hd__xnor2_1)
                                         execution_unit_0.alu_0.op_src_in[0] (net)
                  0.07    0.00    5.89 v place574/A (sky130_fd_sc_hd__buf_4)
     5    0.03    0.06    0.18    6.07 v place574/X (sky130_fd_sc_hd__buf_4)
                                         net570 (net)
                  0.06    0.00    6.07 v _12065_/CIN (sky130_fd_sc_hd__fa_1)
     2    0.01    0.11    0.42    6.49 v _12065_/COUT (sky130_fd_sc_hd__fa_1)
                                         _00032_ (net)
                  0.11    0.00    6.49 v _12064_/CIN (sky130_fd_sc_hd__fa_1)
     2    0.01    0.10    0.43    6.92 v _12064_/COUT (sky130_fd_sc_hd__fa_1)
                                         _00033_ (net)
                  0.10    0.00    6.92 v _08176_/B (sky130_fd_sc_hd__xnor2_1)
     3    0.01    0.27    0.27    7.19 ^ _08176_/Y (sky130_fd_sc_hd__xnor2_1)
                                         _00242_ (net)
                  0.27    0.00    7.19 ^ _12218_/B (sky130_fd_sc_hd__ha_1)
     4    0.01    0.15    0.28    7.47 ^ _12218_/COUT (sky130_fd_sc_hd__ha_1)
                                         _00243_ (net)
                  0.15    0.00    7.47 ^ _11832_/A_N (sky130_fd_sc_hd__nand2b_1)
     1    0.00    0.06    0.13    7.60 ^ _11832_/Y (sky130_fd_sc_hd__nand2b_1)
                                         _05739_ (net)
                  0.06    0.00    7.60 ^ _11835_/A0 (sky130_fd_sc_hd__mux2i_1)
     1    0.01    0.12    0.10    7.69 v _11835_/Y (sky130_fd_sc_hd__mux2i_1)
                                         execution_unit_0.alu_0.alu_dadd0[4] (net)
                  0.12    0.00    7.69 v _12053_/CIN (sky130_fd_sc_hd__fa_1)
     2    0.01    0.11    0.45    8.14 v _12053_/COUT (sky130_fd_sc_hd__fa_1)
                                         _00008_ (net)
                  0.11    0.00    8.14 v _12052_/CIN (sky130_fd_sc_hd__fa_1)
     2    0.01    0.11    0.43    8.57 v _12052_/COUT (sky130_fd_sc_hd__fa_1)
                                         _00009_ (net)
                  0.11    0.00    8.57 v _08177_/B (sky130_fd_sc_hd__xnor2_1)
     3    0.01    0.32    0.31    8.88 ^ _08177_/Y (sky130_fd_sc_hd__xnor2_1)
                                         _00238_ (net)
                  0.32    0.00    8.88 ^ _12217_/B (sky130_fd_sc_hd__ha_1)
     4    0.01    0.12    0.27    9.15 ^ _12217_/COUT (sky130_fd_sc_hd__ha_1)
                                         _00239_ (net)
                  0.12    0.00    9.15 ^ _11828_/A_N (sky130_fd_sc_hd__nand2b_1)
     1    0.00    0.05    0.12    9.27 ^ _11828_/Y (sky130_fd_sc_hd__nand2b_1)
                                         _05736_ (net)
                  0.05    0.00    9.27 ^ _11831_/A0 (sky130_fd_sc_hd__mux2i_1)
     1    0.01    0.11    0.08    9.35 v _11831_/Y (sky130_fd_sc_hd__mux2i_1)
                                         execution_unit_0.alu_0.alu_dadd1[4] (net)
                  0.11    0.00    9.35 v _12101_/CIN (sky130_fd_sc_hd__fa_1)
     2    0.01    0.12    0.46    9.81 v _12101_/COUT (sky130_fd_sc_hd__fa_1)
                                         _00073_ (net)
                  0.12    0.00    9.81 v _12100_/A (sky130_fd_sc_hd__fa_1)
     2    0.01    0.11    0.49   10.30 v _12100_/COUT (sky130_fd_sc_hd__fa_1)
                                         _00074_ (net)
                  0.11    0.00   10.30 v _08032_/B (sky130_fd_sc_hd__xnor2_1)
     3    0.01    0.25    0.26   10.56 ^ _08032_/Y (sky130_fd_sc_hd__xnor2_1)
                                         _00342_ (net)
                  0.25    0.00   10.56 ^ _12266_/B (sky130_fd_sc_hd__ha_1)
     4    0.01    0.12    0.25   10.81 ^ _12266_/COUT (sky130_fd_sc_hd__ha_1)
                                         _00343_ (net)
                  0.12    0.00   10.81 ^ _11824_/A_N (sky130_fd_sc_hd__nand2b_1)
     1    0.00    0.06    0.11   10.92 ^ _11824_/Y (sky130_fd_sc_hd__nand2b_1)
                                         _05733_ (net)
                  0.06    0.00   10.92 ^ _11827_/A0 (sky130_fd_sc_hd__mux2i_1)
     1    0.01    0.11    0.08   11.00 v _11827_/Y (sky130_fd_sc_hd__mux2i_1)
                                         execution_unit_0.alu_0.alu_dadd2[4] (net)
                  0.11    0.00   11.00 v _12067_/CIN (sky130_fd_sc_hd__fa_1)
     2    0.01    0.12    0.45   11.45 v _12067_/COUT (sky130_fd_sc_hd__fa_1)
                                         _00035_ (net)
                  0.12    0.00   11.45 v _12066_/CIN (sky130_fd_sc_hd__fa_1)
     2    0.01    0.10    0.43   11.87 v _12066_/COUT (sky130_fd_sc_hd__fa_1)
                                         _00036_ (net)
                  0.10    0.00   11.87 v _07796_/B (sky130_fd_sc_hd__xnor2_1)
     3    0.01    0.28    0.27   12.15 ^ _07796_/Y (sky130_fd_sc_hd__xnor2_1)
                                         _00231_ (net)
                  0.28    0.00   12.15 ^ _12212_/B (sky130_fd_sc_hd__ha_1)
     4    0.01    0.16    0.29   12.43 ^ _12212_/COUT (sky130_fd_sc_hd__ha_1)
                                         _00232_ (net)
                  0.16    0.00   12.43 ^ _07798_/A1 (sky130_fd_sc_hd__o21ai_0)
     2    0.01    0.17    0.18   12.61 v _07798_/Y (sky130_fd_sc_hd__o21ai_0)
                                         _02663_ (net)
                  0.17    0.00   12.62 v _07885_/B (sky130_fd_sc_hd__xnor2_1)
     1    0.01    0.08    0.18   12.80 v _07885_/Y (sky130_fd_sc_hd__xnor2_1)
                                         _02749_ (net)
                  0.08    0.00   12.80 v _07886_/B1 (sky130_fd_sc_hd__a32o_1)
     1    0.00    0.04    0.22   13.01 v _07886_/X (sky130_fd_sc_hd__a32o_1)
                                         _02750_ (net)
                  0.04    0.00   13.01 v _07891_/A2 (sky130_fd_sc_hd__a21oi_1)
     3    0.02    0.43    0.38   13.39 ^ _07891_/Y (sky130_fd_sc_hd__a21oi_1)
                                         _02755_ (net)
                  0.43    0.00   13.39 ^ _07892_/B (sky130_fd_sc_hd__nand2_1)
     2    0.01    0.13    0.15   13.55 v _07892_/Y (sky130_fd_sc_hd__nand2_1)
                                         _02756_ (net)
                  0.13    0.00   13.55 v _09188_/A3 (sky130_fd_sc_hd__o41ai_2)
     2    0.02    0.54    0.55   14.09 ^ _09188_/Y (sky130_fd_sc_hd__o41ai_2)
                                         _03665_ (net)
                  0.54    0.00   14.09 ^ _09303_/A (sky130_fd_sc_hd__nand2_2)
     6    0.04    0.25    0.29   14.39 v _09303_/Y (sky130_fd_sc_hd__nand2_2)
                                         _03776_ (net)
                  0.25    0.00   14.39 v _09307_/B (sky130_fd_sc_hd__nand3_1)
     2    0.03    0.32    0.35   14.74 ^ _09307_/Y (sky130_fd_sc_hd__nand3_1)
                                         _03780_ (net)
                  0.32    0.00   14.75 ^ _12008_/A2 (sky130_fd_sc_hd__a31oi_1)
     2    0.03    0.31    0.34   15.09 v _12008_/Y (sky130_fd_sc_hd__a31oi_1)
                                         net134 (net)
                  0.31    0.00   15.09 v mem_backbone_0.dma_ready_dly$_DFF_PN0_/D (sky130_fd_sc_hd__dfrtp_1)
                                 15.09   data arrival time

                         50.00   50.00   clock dco_clk (rise edge)
                          0.00   50.00   clock source latency
     4    0.12    0.00    0.00   50.00 ^ dco_clk (in)
                                         dco_clk (net)
                  0.01    0.00   50.00 ^ clkbuf_regs_0_dco_clk/A (sky130_fd_sc_hd__clkbuf_16)
     1    0.01    0.03    0.10   50.11 ^ clkbuf_regs_0_dco_clk/X (sky130_fd_sc_hd__clkbuf_16)
                                         dco_clk_regs (net)
                  0.03    0.00   50.11 ^ clkbuf_0_dco_clk_regs/A (sky130_fd_sc_hd__clkbuf_16)
     8    0.23    0.24    0.26   50.37 ^ clkbuf_0_dco_clk_regs/X (sky130_fd_sc_hd__clkbuf_16)
                                         clknet_0_dco_clk_regs (net)
                  0.24    0.01   50.38 ^ clkbuf_3_2__f_dco_clk_regs/A (sky130_fd_sc_hd__clkbuf_16)
    12    0.17    0.18    0.30   50.68 ^ clkbuf_3_2__f_dco_clk_regs/X (sky130_fd_sc_hd__clkbuf_16)
                                         clknet_3_2__leaf_dco_clk_regs (net)
                  0.18    0.00   50.68 ^ clkbuf_leaf_15_dco_clk_regs/A (sky130_fd_sc_hd__clkbuf_16)
    12    0.04    0.06    0.19   50.87 ^ clkbuf_leaf_15_dco_clk_regs/X (sky130_fd_sc_hd__clkbuf_16)
                                         clknet_leaf_15_dco_clk_regs (net)
                  0.06    0.00   50.87 ^ mem_backbone_0.dma_ready_dly$_DFF_PN0_/CLK (sky130_fd_sc_hd__dfrtp_1)
                          0.00   50.87   clock reconvergence pessimism
                         -0.23   50.64   library setup time
                                 50.64   data required time
-----------------------------------------------------------------------------
                                 50.64   data required time
                                -15.09   data arrival time
-----------------------------------------------------------------------------
                                 35.55   slack (MET)



==========================================================================
finish report_check_types -max_slew -max_cap -max_fanout -violators
--------------------------------------------------------------------------

==========================================================================
finish max_slew_check_slack
--------------------------------------------------------------------------
0.3569358289241791

==========================================================================
finish max_slew_check_limit
--------------------------------------------------------------------------
1.4806289672851562

==========================================================================
finish max_slew_check_slack_limit
--------------------------------------------------------------------------
0.2411

==========================================================================
finish max_fanout_check_slack
--------------------------------------------------------------------------
1.0000000150474662e+30

==========================================================================
finish max_fanout_check_limit
--------------------------------------------------------------------------
1.0000000150474662e+30

==========================================================================
finish max_capacitance_check_slack
--------------------------------------------------------------------------
0.00831514596939087

==========================================================================
finish max_capacitance_check_limit
--------------------------------------------------------------------------
0.03388400003314018

==========================================================================
finish max_capacitance_check_slack_limit
--------------------------------------------------------------------------
0.2454

==========================================================================
finish max_slew_violation_count
--------------------------------------------------------------------------
max slew violation count 0

==========================================================================
finish max_fanout_violation_count
--------------------------------------------------------------------------
max fanout violation count 0

==========================================================================
finish max_cap_violation_count
--------------------------------------------------------------------------
max cap violation count 0

==========================================================================
finish setup_violation_count
--------------------------------------------------------------------------
setup violation count 0

==========================================================================
finish hold_violation_count
--------------------------------------------------------------------------
hold violation count 0

==========================================================================
finish report_checks -path_delay max reg to reg
--------------------------------------------------------------------------
Startpoint: clock_module_0.sync_cell_puc.data_sync[1]$_DFF_PP0_
            (rising edge-triggered flip-flop clocked by dco_clk)
Endpoint: mem_backbone_0.pmem_dout_bckup[7]$_DFFE_PN0P_
          (recovery check against rising-edge clock dco_clk)
Path Group: asynchronous
Path Type: max

  Delay    Time   Description
---------------------------------------------------------
   0.00    0.00   clock dco_clk (rise edge)
   0.00    0.00   clock source latency
   0.00    0.00 ^ dco_clk (in)
   0.11    0.11 ^ clkbuf_regs_0_dco_clk/X (sky130_fd_sc_hd__clkbuf_16)
   0.26    0.37 ^ clkbuf_0_dco_clk_regs/X (sky130_fd_sc_hd__clkbuf_16)
   0.29    0.66 ^ clkbuf_3_6__f_dco_clk_regs/X (sky130_fd_sc_hd__clkbuf_16)
   0.18    0.84 ^ clkbuf_leaf_27_dco_clk_regs/X (sky130_fd_sc_hd__clkbuf_16)
   0.00    0.84 ^ clock_module_0.sync_cell_puc.data_sync[1]$_DFF_PP0_/CLK (sky130_fd_sc_hd__dfrtp_4)
   0.79    1.63 ^ clock_module_0.sync_cell_puc.data_sync[1]$_DFF_PP0_/Q (sky130_fd_sc_hd__dfrtp_4)
   0.62    2.26 ^ place899/X (sky130_fd_sc_hd__buf_4)
   0.71    2.96 ^ place898/X (sky130_fd_sc_hd__buf_4)
   0.70    3.67 ^ place897/X (sky130_fd_sc_hd__buf_4)
   0.03    3.69 ^ mem_backbone_0.pmem_dout_bckup[7]$_DFFE_PN0P_/RESET_B (sky130_fd_sc_hd__dfrtp_1)
           3.69   data arrival time

  50.00   50.00   clock dco_clk (rise edge)
   0.00   50.00   clock source latency
   0.00   50.00 ^ dco_clk (in)
   0.11   50.11 ^ clkbuf_regs_0_dco_clk/X (sky130_fd_sc_hd__clkbuf_16)
   0.26   50.37 ^ clkbuf_0_dco_clk_regs/X (sky130_fd_sc_hd__clkbuf_16)
   0.30   50.67 ^ clkbuf_3_0__f_dco_clk_regs/X (sky130_fd_sc_hd__clkbuf_16)
   0.19   50.86 ^ clkbuf_leaf_2_dco_clk_regs/X (sky130_fd_sc_hd__clkbuf_16)
   0.00   50.86 ^ mem_backbone_0.pmem_dout_bckup[7]$_DFFE_PN0P_/CLK (sky130_fd_sc_hd__dfrtp_1)
   0.00   50.86   clock reconvergence pessimism
   0.07   50.93   library recovery time
          50.93   data required time
---------------------------------------------------------
          50.93   data required time
          -3.69   data arrival time
---------------------------------------------------------
          47.24   slack (MET)


Startpoint: frontend_0.inst_dest_bin[1]$_DFFE_PN0P_
            (rising edge-triggered flip-flop clocked by dco_clk)
Endpoint: mem_backbone_0.dma_ready_dly$_DFF_PN0_
          (rising edge-triggered flip-flop clocked by dco_clk)
Path Group: dco_clk
Path Type: max

  Delay    Time   Description
---------------------------------------------------------
   0.00    0.00   clock dco_clk (rise edge)
   0.00    0.00   clock source latency
   0.00    0.00 ^ dco_clk (in)
   0.11    0.11 ^ clkbuf_regs_0_dco_clk/X (sky130_fd_sc_hd__clkbuf_16)
   0.26    0.37 ^ clkbuf_0_dco_clk_regs/X (sky130_fd_sc_hd__clkbuf_16)
   0.31    0.68 ^ clkbuf_3_1__f_dco_clk_regs/X (sky130_fd_sc_hd__clkbuf_16)
   0.19    0.88 ^ clkbuf_leaf_73_dco_clk_regs/X (sky130_fd_sc_hd__clkbuf_16)
   0.00    0.88 ^ frontend_0.inst_dest_bin[1]$_DFFE_PN0P_/CLK (sky130_fd_sc_hd__dfrtp_1)
   0.36    1.23 v frontend_0.inst_dest_bin[1]$_DFFE_PN0P_/Q (sky130_fd_sc_hd__dfrtp_1)
   0.20    1.44 v place868/X (sky130_fd_sc_hd__buf_4)
   0.10    1.54 ^ _08066_/Y (sky130_fd_sc_hd__inv_1)
   0.15    1.69 ^ _12229_/COUT (sky130_fd_sc_hd__ha_1)
   0.32    2.00 ^ place777/X (sky130_fd_sc_hd__buf_4)
   0.40    2.40 v _06265_/X (sky130_fd_sc_hd__or3b_1)
   0.24    2.64 v place773/X (sky130_fd_sc_hd__buf_4)
   0.50    3.14 ^ _06268_/Y (sky130_fd_sc_hd__nand4_1)
   0.31    3.46 v _06269_/Y (sky130_fd_sc_hd__nor2_1)
   0.31    3.76 v _06279_/X (sky130_fd_sc_hd__a22o_1)
   0.53    4.30 v _06323_/X (sky130_fd_sc_hd__or4_1)
   0.88    5.18 v _06396_/X (sky130_fd_sc_hd__or4_1)
   0.47    5.65 v _08107_/X (sky130_fd_sc_hd__mux2_2)
   0.16    5.81 ^ _08125_/Y (sky130_fd_sc_hd__o21ai_2)
   0.08    5.89 v _08126_/Y (sky130_fd_sc_hd__xnor2_1)
   0.18    6.07 v place574/X (sky130_fd_sc_hd__buf_4)
   0.42    6.49 v _12065_/COUT (sky130_fd_sc_hd__fa_1)
   0.43    6.92 v _12064_/COUT (sky130_fd_sc_hd__fa_1)
   0.27    7.19 ^ _08176_/Y (sky130_fd_sc_hd__xnor2_1)
   0.28    7.47 ^ _12218_/COUT (sky130_fd_sc_hd__ha_1)
   0.13    7.60 ^ _11832_/Y (sky130_fd_sc_hd__nand2b_1)
   0.10    7.69 v _11835_/Y (sky130_fd_sc_hd__mux2i_1)
   0.45    8.14 v _12053_/COUT (sky130_fd_sc_hd__fa_1)
   0.43    8.57 v _12052_/COUT (sky130_fd_sc_hd__fa_1)
   0.31    8.88 ^ _08177_/Y (sky130_fd_sc_hd__xnor2_1)
   0.27    9.15 ^ _12217_/COUT (sky130_fd_sc_hd__ha_1)
   0.12    9.27 ^ _11828_/Y (sky130_fd_sc_hd__nand2b_1)
   0.08    9.35 v _11831_/Y (sky130_fd_sc_hd__mux2i_1)
   0.46    9.81 v _12101_/COUT (sky130_fd_sc_hd__fa_1)
   0.49   10.30 v _12100_/COUT (sky130_fd_sc_hd__fa_1)
   0.26   10.56 ^ _08032_/Y (sky130_fd_sc_hd__xnor2_1)
   0.25   10.81 ^ _12266_/COUT (sky130_fd_sc_hd__ha_1)
   0.11   10.92 ^ _11824_/Y (sky130_fd_sc_hd__nand2b_1)
   0.08   11.00 v _11827_/Y (sky130_fd_sc_hd__mux2i_1)
   0.45   11.45 v _12067_/COUT (sky130_fd_sc_hd__fa_1)
   0.43   11.87 v _12066_/COUT (sky130_fd_sc_hd__fa_1)
   0.27   12.15 ^ _07796_/Y (sky130_fd_sc_hd__xnor2_1)
   0.29   12.43 ^ _12212_/COUT (sky130_fd_sc_hd__ha_1)
   0.18   12.61 v _07798_/Y (sky130_fd_sc_hd__o21ai_0)
   0.18   12.80 v _07885_/Y (sky130_fd_sc_hd__xnor2_1)
   0.22   13.01 v _07886_/X (sky130_fd_sc_hd__a32o_1)
   0.38   13.39 ^ _07891_/Y (sky130_fd_sc_hd__a21oi_1)
   0.15   13.55 v _07892_/Y (sky130_fd_sc_hd__nand2_1)
   0.55   14.09 ^ _09188_/Y (sky130_fd_sc_hd__o41ai_2)
   0.29   14.39 v _09303_/Y (sky130_fd_sc_hd__nand2_2)
   0.36   14.74 ^ _09307_/Y (sky130_fd_sc_hd__nand3_1)
   0.34   15.09 v _12008_/Y (sky130_fd_sc_hd__a31oi_1)
   0.00   15.09 v mem_backbone_0.dma_ready_dly$_DFF_PN0_/D (sky130_fd_sc_hd__dfrtp_1)
          15.09   data arrival time

  50.00   50.00   clock dco_clk (rise edge)
   0.00   50.00   clock source latency
   0.00   50.00 ^ dco_clk (in)
   0.11   50.11 ^ clkbuf_regs_0_dco_clk/X (sky130_fd_sc_hd__clkbuf_16)
   0.26   50.37 ^ clkbuf_0_dco_clk_regs/X (sky130_fd_sc_hd__clkbuf_16)
   0.31   50.68 ^ clkbuf_3_2__f_dco_clk_regs/X (sky130_fd_sc_hd__clkbuf_16)
   0.19   50.87 ^ clkbuf_leaf_15_dco_clk_regs/X (sky130_fd_sc_hd__clkbuf_16)
   0.00   50.87 ^ mem_backbone_0.dma_ready_dly$_DFF_PN0_/CLK (sky130_fd_sc_hd__dfrtp_1)
   0.00   50.87   clock reconvergence pessimism
  -0.23   50.64   library setup time
          50.64   data required time
---------------------------------------------------------
          50.64   data required time
         -15.09   data arrival time
---------------------------------------------------------
          35.55   slack (MET)



==========================================================================
finish report_checks -path_delay min reg to reg
--------------------------------------------------------------------------
Startpoint: clock_module_0.sync_reset_por.data_sync[1]$_DFF_PN1_
            (rising edge-triggered flip-flop clocked by dco_clk)
Endpoint: clock_module_0.sync_cell_puc.data_sync[0]$_DFF_PP0_
          (removal check against rising-edge clock dco_clk)
Path Group: asynchronous
Path Type: min

  Delay    Time   Description
---------------------------------------------------------
   0.00    0.00   clock dco_clk (rise edge)
   0.00    0.00   clock source latency
   0.00    0.00 ^ dco_clk (in)
   0.11    0.11 ^ clkbuf_regs_0_dco_clk/X (sky130_fd_sc_hd__clkbuf_16)
   0.26    0.37 ^ clkbuf_0_dco_clk_regs/X (sky130_fd_sc_hd__clkbuf_16)
   0.29    0.66 ^ clkbuf_3_6__f_dco_clk_regs/X (sky130_fd_sc_hd__clkbuf_16)
   0.18    0.84 ^ clkbuf_leaf_32_dco_clk_regs/X (sky130_fd_sc_hd__clkbuf_16)
   0.00    0.84 ^ clock_module_0.sync_reset_por.data_sync[1]$_DFF_PN1_/CLK (sky130_fd_sc_hd__dfstp_2)
   0.40    1.24 v clock_module_0.sync_reset_por.data_sync[1]$_DFF_PN1_/Q (sky130_fd_sc_hd__dfstp_2)
   0.20    1.44 ^ _09728_/Y (sky130_fd_sc_hd__nor2_1)
   0.00    1.44 ^ clock_module_0.sync_cell_puc.data_sync[0]$_DFF_PP0_/RESET_B (sky130_fd_sc_hd__dfrtp_1)
           1.44   data arrival time

   0.00    0.00   clock dco_clk (rise edge)
   0.00    0.00   clock source latency
   0.00    0.00 ^ dco_clk (in)
   0.11    0.11 ^ clkbuf_regs_0_dco_clk/X (sky130_fd_sc_hd__clkbuf_16)
   0.26    0.37 ^ clkbuf_0_dco_clk_regs/X (sky130_fd_sc_hd__clkbuf_16)
   0.29    0.66 ^ clkbuf_3_6__f_dco_clk_regs/X (sky130_fd_sc_hd__clkbuf_16)
   0.18    0.84 ^ clkbuf_leaf_27_dco_clk_regs/X (sky130_fd_sc_hd__clkbuf_16)
   0.00    0.84 ^ clock_module_0.sync_cell_puc.data_sync[0]$_DFF_PP0_/CLK (sky130_fd_sc_hd__dfrtp_1)
   0.00    0.84   clock reconvergence pessimism
   0.36    1.21   library removal time
           1.21   data required time
---------------------------------------------------------
           1.21   data required time
          -1.44   data arrival time
---------------------------------------------------------
           0.23   slack (MET)


Startpoint: clock_module_0.sync_cell_puc.data_sync[0]$_DFF_PP0_
            (rising edge-triggered flip-flop clocked by dco_clk)
Endpoint: clock_module_0.sync_cell_puc.data_sync[1]$_DFF_PP0_
          (rising edge-triggered flip-flop clocked by dco_clk)
Path Group: dco_clk
Path Type: min

  Delay    Time   Description
---------------------------------------------------------
   0.00    0.00   clock dco_clk (rise edge)
   0.00    0.00   clock source latency
   0.00    0.00 ^ dco_clk (in)
   0.11    0.11 ^ clkbuf_regs_0_dco_clk/X (sky130_fd_sc_hd__clkbuf_16)
   0.26    0.37 ^ clkbuf_0_dco_clk_regs/X (sky130_fd_sc_hd__clkbuf_16)
   0.29    0.66 ^ clkbuf_3_6__f_dco_clk_regs/X (sky130_fd_sc_hd__clkbuf_16)
   0.18    0.84 ^ clkbuf_leaf_27_dco_clk_regs/X (sky130_fd_sc_hd__clkbuf_16)
   0.00    0.84 ^ clock_module_0.sync_cell_puc.data_sync[0]$_DFF_PP0_/CLK (sky130_fd_sc_hd__dfrtp_1)
   0.31    1.16 ^ clock_module_0.sync_cell_puc.data_sync[0]$_DFF_PP0_/Q (sky130_fd_sc_hd__dfrtp_1)
   0.00    1.16 ^ clock_module_0.sync_cell_puc.data_sync[1]$_DFF_PP0_/D (sky130_fd_sc_hd__dfrtp_4)
           1.16   data arrival time

   0.00    0.00   clock dco_clk (rise edge)
   0.00    0.00   clock source latency
   0.00    0.00 ^ dco_clk (in)
   0.11    0.11 ^ clkbuf_regs_0_dco_clk/X (sky130_fd_sc_hd__clkbuf_16)
   0.26    0.37 ^ clkbuf_0_dco_clk_regs/X (sky130_fd_sc_hd__clkbuf_16)
   0.29    0.66 ^ clkbuf_3_6__f_dco_clk_regs/X (sky130_fd_sc_hd__clkbuf_16)
   0.18    0.84 ^ clkbuf_leaf_27_dco_clk_regs/X (sky130_fd_sc_hd__clkbuf_16)
   0.00    0.84 ^ clock_module_0.sync_cell_puc.data_sync[1]$_DFF_PP0_/CLK (sky130_fd_sc_hd__dfrtp_4)
   0.00    0.84   clock reconvergence pessimism
  -0.03    0.81   library hold time
           0.81   data required time
---------------------------------------------------------
           0.81   data required time
          -1.16   data arrival time
---------------------------------------------------------
           0.35   slack (MET)



==========================================================================
finish critical path target clock latency max path
--------------------------------------------------------------------------
0

==========================================================================
finish critical path target clock latency min path
--------------------------------------------------------------------------
0

==========================================================================
finish critical path source clock latency min path
--------------------------------------------------------------------------
0

==========================================================================
finish critical path delay
--------------------------------------------------------------------------
15.0889

==========================================================================
finish critical path slack
--------------------------------------------------------------------------
35.5546

==========================================================================
finish slack div critical path delay
--------------------------------------------------------------------------
235.634142

==========================================================================
finish report_power
--------------------------------------------------------------------------
Group                  Internal  Switching    Leakage      Total
                          Power      Power      Power      Power (Watts)
----------------------------------------------------------------
Sequential             7.25e-04   2.76e-04   7.75e-09   1.00e-03  22.2%
Combinational          8.31e-04   1.93e-03   2.03e-08   2.76e-03  61.4%
Clock                  4.39e-04   3.00e-04   1.62e-09   7.40e-04  16.4%
Macro                  0.00e+00   0.00e+00   0.00e+00   0.00e+00   0.0%
Pad                    0.00e+00   0.00e+00   0.00e+00   0.00e+00   0.0%
----------------------------------------------------------------
Total                  2.00e-03   2.51e-03   2.97e-08   4.51e-03 100.0%
                          44.3%      55.7%       0.0%
